******************************************************************************
                  TI ARM Linker PC v16.9.0                     
******************************************************************************
>> Linked Sat Apr 14 00:24:28 2018

OUTPUT FILE NAME:   <Copy of Hw5P2.out>
ENTRY POINT SYMBOL: "_c_int00"  address: 00000919


MEMORY CONFIGURATION

         name            origin    length      used     unused   attr    fill
----------------------  --------  ---------  --------  --------  ----  --------
  FLASH                 00000000   00100000  00001120  000feee0  R  X
  SRAM                  20000000   00040000  000014e0  0003eb20  RW X


SEGMENT ALLOCATION MAP

run origin  load origin   length   init length attrs members
----------  ----------- ---------- ----------- ----- -------
00000000    00000000    00001120   00001120    r-x
  00000000    00000000    00000200   00000200    r-- .intvecs
  00000200    00000200    00000bd8   00000bd8    r-x .text
  00000dd8    00000dd8    00000310   00000310    r-- .const
  000010e8    000010e8    00000038   00000038    r-- .cinit
20000000    20000000    000014e0   00000000    rw-
  20000000    20000000    000012c8   00000000    rw- .bss
  200012c8    200012c8    00000200   00000000    rw- .stack
  200014c8    200014c8    00000018   00000000    rw- .data


SECTION ALLOCATION MAP

 output                                  attributes/
section   page    origin      length       input sections
--------  ----  ----------  ----------   ----------------
.intvecs   0    00000000    00000200     
                  00000000    00000200     startup_ccs.obj (.intvecs)

.text      0    00000200    00000bd8     
                  00000200    00000200     driverlib.lib : sysctl.obj (.text:SysCtlClockFreqSet)
                  00000400    00000160     uart_echo.obj (.text:main)
                  00000560    0000009c     rtsv7M4_T_le_v4SPD16_eabi.lib : memcpy_t2.obj (.text)
                  000005fc    00000090     uart_echo.obj (.text:InitDescriptors)
                  0000068c    0000007a     rtsv7M4_T_le_v4SPD16_eabi.lib : memset_t2.obj (.text)
                  00000706    00000002     startup_ccs.obj (.text:FaultISR)
                  00000708    00000078     driverlib.lib : emac.obj (.text:EMACInit)
                  00000780    00000070     rtsv7M4_T_le_v4SPD16_eabi.lib : autoinit.obj (.text)
                  000007f0    00000068     driverlib.lib : interrupt.obj (.text:IntEnable)
                  00000858    00000068     rtsv7M4_T_le_v4SPD16_eabi.lib : copy_decompress_lzss.obj (.text:decompress:lzss)
                  000008c0    00000058     driverlib.lib : emac.obj (.text:EMACPHYConfigSet)
                  00000918    00000054     rtsv7M4_T_le_v4SPD16_eabi.lib : boot.obj (.text)
                  0000096c    00000054                                   : exit.obj (.text)
                  000009c0    00000050     driverlib.lib : sysctl.obj (.text:SysCtlPeripheralReset)
                  00000a10    0000004c     rtsv7M4_T_le_v4SPD16_eabi.lib : cpy_tbl.obj (.text)
                  00000a5c    00000048     driverlib.lib : sysctl.obj (.text:_SysCtlFrequencyGet)
                  00000aa4    00000044     uart_echo.obj (.text:ProcessReceivedPacket)
                  00000ae8    00000040     uart_echo.obj (.text:PacketTransmit)
                  00000b28    0000003a     driverlib.lib : emac.obj (.text:EMACIntEnable)
                  00000b62    00000002     startup_ccs.obj (.text:IntDefaultHandler)
                  00000b64    00000038     driverlib.lib : emac.obj (.text:EMACConfigSet)
                  00000b9c    00000038                   : sysctl.obj (.text:SysCtlPeripheralReady)
                  00000bd4    00000034                   : emac.obj (.text:EMACIntClear)
                  00000c08    00000034                   : sysctl.obj (.text:SysCtlPeripheralEnable)
                  00000c3c    00000030                   : emac.obj (.text:EMACAddrSet)
                  00000c6c    0000002c                   : emac.obj (.text:EMACIntStatus)
                  00000c98    00000026                   : emac.obj (.text:EMACPHYRead)
                  00000cbe    00000002     startup_ccs.obj (.text:NmiSR)
                  00000cc0    00000024     uart_echo.obj (.text:EthernetIntHandler)
                  00000ce4    00000020     driverlib.lib : sysctl.obj (.text:_SysCtlMemTimingGet)
                  00000d04    00000018     rtsv7M4_T_le_v4SPD16_eabi.lib : args_main.obj (.text)
                  00000d1c    00000016     driverlib.lib : emac.obj (.text:EMACReset)
                  00000d32    00000016                   : emac.obj (.text:EMACRxEnable)
                  00000d48    00000016                   : emac.obj (.text:EMACTxEnable)
                  00000d5e    00000002     rtsv7M4_T_le_v4SPD16_eabi.lib : mpu_init.obj (.text)
                  00000d60    00000014     driverlib.lib : flash.obj (.text:FlashUserGet)
                  00000d74    00000014     rtsv7M4_T_le_v4SPD16_eabi.lib : _lock.obj (.text)
                  00000d88    00000010     driverlib.lib : emac.obj (.text:EMACFrameFilterSet)
                  00000d98    0000000e     rtsv7M4_T_le_v4SPD16_eabi.lib : copy_decompress_none.obj (.text:decompress:none)
                  00000da6    0000000c                                   : copy_zero_init.obj (.text:decompress:ZI)
                  00000db2    00000008     driverlib.lib : emac.obj (.text:EMACTxDMAPollDemand)
                  00000dba    00000006                   : emac.obj (.text:EMACRxDMADescriptorListSet)
                  00000dc0    00000006                   : emac.obj (.text:EMACTxDMADescriptorListSet)
                  00000dc6    00000006     startup_ccs.obj (.text:ResetISR)
                  00000dcc    00000006     driverlib.lib : sysctl.obj (.text:SysCtlDelay)
                  00000dd2    00000004     rtsv7M4_T_le_v4SPD16_eabi.lib : pre_init.obj (.text)
                  00000dd6    00000002                                   : startup.obj (.text)

.const     0    00000dd8    00000310     
                  00000dd8    000001b0     driverlib.lib : sysctl.obj (.const:g_pppui32XTALtoVCO)
                  00000f88    00000070                   : interrupt.obj (.const)
                  00000ff8    0000006c                   : sysctl.obj (.const:g_pui32Xtals)
                  00001064    00000031     uart_echo.obj (.const:.string:$P$T0$1)
                  00001095    00000003     --HOLE-- [fill = 0]
                  00001098    00000030     driverlib.lib : sysctl.obj (.const:g_sXTALtoMEMTIM)
                  000010c8    00000018                   : emac.obj (.const)
                  000010e0    00000008                   : sysctl.obj (.const)

.cinit     0    000010e8    00000038     
                  000010e8    00000011     (.cinit..data.load) [load image, compression = lzss]
                  000010f9    00000003     --HOLE-- [fill = 0]
                  000010fc    0000000c     (__TI_handler_table)
                  00001108    00000008     (.cinit..bss.load) [load image, compression = zero_init]
                  00001110    00000010     (__TI_cinit_table)

.init_array 
*          0    00000000    00000000     UNINITIALIZED

.bss       0    20000000    000012c8     UNINITIALIZED
                  20000000    00001200     (.common:g_ppui8RxBuffer)
                  20001200    00000060     (.common:g_psRxDescriptor)
                  20001260    00000060     (.common:g_psTxDescriptor)
                  200012c0    00000004     (.common:g_ui32RxDescIndex)
                  200012c4    00000004     (.common:g_ui32TxDescIndex)

.stack     0    200012c8    00000200     UNINITIALIZED
                  200012c8    00000200     --HOLE--

.data      0    200014c8    00000018     UNINITIALIZED
                  200014c8    0000000c     rtsv7M4_T_le_v4SPD16_eabi.lib : exit.obj (.data:$O1$$)
                  200014d4    00000008                                   : _lock.obj (.data:$O1$$)
                  200014dc    00000004                                   : stkdepth_vars.obj (.data)

MODULE SUMMARY

       Module                     code   ro data   rw data
       ------                     ----   -------   -------
    .\
       uart_echo.obj              664    49        4808   
       startup_ccs.obj            12     512       0      
    +--+--------------------------+------+---------+---------+
       Total:                     676    561       4808   
                                                          
    D:/ti/TivaWare/driverlib/ccs/Debug/driverlib.lib
       sysctl.obj                 810    596       0      
       emac.obj                   606    24        0      
       interrupt.obj              104    112       0      
       flash.obj                  20     0         0      
    +--+--------------------------+------+---------+---------+
       Total:                     1540   732       0      
                                                          
    D:\ti\ccsv7\tools\compiler\ti-cgt-arm_16.9.0.LTS\lib\rtsv7M4_T_le_v4SPD16_eabi.lib
       memcpy_t2.obj              156    0         0      
       memset_t2.obj              122    0         0      
       autoinit.obj               112    0         0      
       copy_decompress_lzss.obj   104    0         0      
       exit.obj                   84     0         12     
       boot.obj                   84     0         0      
       cpy_tbl.obj                76     0         0      
       _lock.obj                  20     0         8      
       args_main.obj              24     0         0      
       copy_decompress_none.obj   14     0         0      
       copy_zero_init.obj         12     0         0      
       pre_init.obj               4      0         0      
       stkdepth_vars.obj          0      0         4      
       mpu_init.obj               2      0         0      
       startup.obj                2      0         0      
    +--+--------------------------+------+---------+---------+
       Total:                     816    0         24     
                                                          
       Stack:                     0      0         512    
       Linker Generated:          0      53        0      
    +--+--------------------------+------+---------+---------+
       Grand Total:               3032   1346      5344   


LINKER GENERATED COPY TABLES

__TI_cinit_table @ 00001110 records: 2, size/record: 8, table size: 16
	.data: load addr=000010e8, load size=00000011 bytes, run addr=200014c8, run size=00000018 bytes, compression=lzss
	.bss: load addr=00001108, load size=00000008 bytes, run addr=20000000, run size=000012c8 bytes, compression=zero_init


LINKER GENERATED HANDLER TABLE

__TI_handler_table @ 000010fc records: 3, size/record: 4, table size: 12
	index: 0, handler: __TI_decompress_lzss
	index: 1, handler: __TI_decompress_none
	index: 2, handler: __TI_zero_init


GLOBAL SYMBOLS: SORTED ALPHABETICALLY BY Name 

address   name                           
-------   ----                           
0000096d  C$$EXIT                        
00000c3d  EMACAddrSet                    
00000b65  EMACConfigSet                  
00000d89  EMACFrameFilterSet             
00000709  EMACInit                       
00000bd5  EMACIntClear                   
00000b29  EMACIntEnable                  
00000c6d  EMACIntStatus                  
000008c1  EMACPHYConfigSet               
00000c99  EMACPHYRead                    
00000d1d  EMACReset                      
00000dbb  EMACRxDMADescriptorListSet     
00000d33  EMACRxEnable                   
00000dc1  EMACTxDMADescriptorListSet     
00000db3  EMACTxDMAPollDemand            
00000d49  EMACTxEnable                   
00000cc1  EthernetIntHandler             
00000d61  FlashUserGet                   
000005fd  InitDescriptors                
000007f1  IntEnable                      
00000aa5  ProcessReceivedPacket          
00000dc7  ResetISR                       
UNDEFED   SHT$$INIT_ARRAY$$Base          
UNDEFED   SHT$$INIT_ARRAY$$Limit         
00000201  SysCtlClockFreqSet             
00000dcd  SysCtlDelay                    
00000c09  SysCtlPeripheralEnable         
00000b9d  SysCtlPeripheralReady          
000009c1  SysCtlPeripheralReset          
200014c8  __STACK_END                    
00000200  __STACK_SIZE                   
200014c8  __STACK_TOP                    
00001110  __TI_CINIT_Base                
00001120  __TI_CINIT_Limit               
000010fc  __TI_Handler_Table_Base        
00001108  __TI_Handler_Table_Limit       
00000781  __TI_auto_init                 
200014c8  __TI_cleanup_ptr               
00000859  __TI_decompress_lzss           
00000d99  __TI_decompress_none           
200014cc  __TI_dtors_ptr                 
200014d0  __TI_enable_exit_profile_output
ffffffff  __TI_pprof_out_hndl            
ffffffff  __TI_prof_data_size            
ffffffff  __TI_prof_data_start           
00000000  __TI_static_base__             
00000da7  __TI_zero_init                 
0000068d  __aeabi_memclr                 
0000068d  __aeabi_memclr4                
0000068d  __aeabi_memclr8                
00000561  __aeabi_memcpy                 
00000561  __aeabi_memcpy4                
00000561  __aeabi_memcpy8                
0000068f  __aeabi_memset                 
0000068f  __aeabi_memset4                
0000068f  __aeabi_memset8                
ffffffff  __binit__                      
ffffffff  __c_args__                     
00000d5f  __mpu_init                     
200012c8  __stack                        
00000d05  _args_main                     
00000919  _c_int00                       
200014d4  _lock                          
00000d83  _nop                           
00000d7b  _register_lock                 
00000d75  _register_unlock               
00000dd7  _system_post_cinit             
00000dd3  _system_pre_init               
200014d8  _unlock                        
00000971  abort                          
ffffffff  binit                          
00000a11  copy_in                        
00000979  exit                           
00000000  g_pfnVectors                   
20000000  g_ppui8RxBuffer                
20001200  g_psRxDescriptor               
20001260  g_psTxDescriptor               
200012c0  g_ui32RxDescIndex              
200012c4  g_ui32TxDescIndex              
00000401  main                           
200014dc  main_func_sp                   
00000561  memcpy                         
00000695  memset                         


GLOBAL SYMBOLS: SORTED BY Symbol Address 

address   name                           
-------   ----                           
00000000  __TI_static_base__             
00000000  g_pfnVectors                   
00000200  __STACK_SIZE                   
00000201  SysCtlClockFreqSet             
00000401  main                           
00000561  __aeabi_memcpy                 
00000561  __aeabi_memcpy4                
00000561  __aeabi_memcpy8                
00000561  memcpy                         
000005fd  InitDescriptors                
0000068d  __aeabi_memclr                 
0000068d  __aeabi_memclr4                
0000068d  __aeabi_memclr8                
0000068f  __aeabi_memset                 
0000068f  __aeabi_memset4                
0000068f  __aeabi_memset8                
00000695  memset                         
00000709  EMACInit                       
00000781  __TI_auto_init                 
000007f1  IntEnable                      
00000859  __TI_decompress_lzss           
000008c1  EMACPHYConfigSet               
00000919  _c_int00                       
0000096d  C$$EXIT                        
00000971  abort                          
00000979  exit                           
000009c1  SysCtlPeripheralReset          
00000a11  copy_in                        
00000aa5  ProcessReceivedPacket          
00000b29  EMACIntEnable                  
00000b65  EMACConfigSet                  
00000b9d  SysCtlPeripheralReady          
00000bd5  EMACIntClear                   
00000c09  SysCtlPeripheralEnable         
00000c3d  EMACAddrSet                    
00000c6d  EMACIntStatus                  
00000c99  EMACPHYRead                    
00000cc1  EthernetIntHandler             
00000d05  _args_main                     
00000d1d  EMACReset                      
00000d33  EMACRxEnable                   
00000d49  EMACTxEnable                   
00000d5f  __mpu_init                     
00000d61  FlashUserGet                   
00000d75  _register_unlock               
00000d7b  _register_lock                 
00000d83  _nop                           
00000d89  EMACFrameFilterSet             
00000d99  __TI_decompress_none           
00000da7  __TI_zero_init                 
00000db3  EMACTxDMAPollDemand            
00000dbb  EMACRxDMADescriptorListSet     
00000dc1  EMACTxDMADescriptorListSet     
00000dc7  ResetISR                       
00000dcd  SysCtlDelay                    
00000dd3  _system_pre_init               
00000dd7  _system_post_cinit             
000010fc  __TI_Handler_Table_Base        
00001108  __TI_Handler_Table_Limit       
00001110  __TI_CINIT_Base                
00001120  __TI_CINIT_Limit               
20000000  g_ppui8RxBuffer                
20001200  g_psRxDescriptor               
20001260  g_psTxDescriptor               
200012c0  g_ui32RxDescIndex              
200012c4  g_ui32TxDescIndex              
200012c8  __stack                        
200014c8  __STACK_END                    
200014c8  __STACK_TOP                    
200014c8  __TI_cleanup_ptr               
200014cc  __TI_dtors_ptr                 
200014d0  __TI_enable_exit_profile_output
200014d4  _lock                          
200014d8  _unlock                        
200014dc  main_func_sp                   
ffffffff  __TI_pprof_out_hndl            
ffffffff  __TI_prof_data_size            
ffffffff  __TI_prof_data_start           
ffffffff  __binit__                      
ffffffff  __c_args__                     
ffffffff  binit                          
UNDEFED   SHT$$INIT_ARRAY$$Base          
UNDEFED   SHT$$INIT_ARRAY$$Limit         

[83 symbols]
