<?xml version="1.0"?>
<link_info>
   <banner>TI ARM Linker PC v16.9.0.LTS</banner>
   <copyright>Copyright (c) 1996-2015 Texas Instruments Incorporated</copyright>
   <link_time>0x5ad19e9c</link_time>
   <link_errors>0x0</link_errors>
   <output_file>Copy of Hw5P2.out</output_file>
   <entry_point>
      <name>_c_int00</name>
      <address>0x919</address>
   </entry_point>
   <input_file_list>
      <input_file id="fl-2">
         <path>.\</path>
         <kind>object</kind>
         <file>startup_ccs.obj</file>
         <name>startup_ccs.obj</name>
      </input_file>
      <input_file id="fl-3">
         <path>.\</path>
         <kind>object</kind>
         <file>uart_echo.obj</file>
         <name>uart_echo.obj</name>
      </input_file>
      <input_file id="fl-4">
         <path>.\drivers\</path>
         <kind>object</kind>
         <file>frame.obj</file>
         <name>frame.obj</name>
      </input_file>
      <input_file id="fl-5">
         <path>.\drivers\</path>
         <kind>object</kind>
         <file>kentec320x240x16_ssd2119.obj</file>
         <name>kentec320x240x16_ssd2119.obj</name>
      </input_file>
      <input_file id="fl-6">
         <path>.\drivers\</path>
         <kind>object</kind>
         <file>pinout.obj</file>
         <name>pinout.obj</name>
      </input_file>
      <input_file id="fl-c2">
         <path>D:\ti\ccsv7\tools\compiler\ti-cgt-arm_16.9.0.LTS\lib\</path>
         <kind>archive</kind>
         <file>rtsv7M4_T_le_v4SPD16_eabi.lib</file>
         <name>boot.obj</name>
      </input_file>
      <input_file id="fl-c3">
         <path>D:\ti\ccsv7\tools\compiler\ti-cgt-arm_16.9.0.LTS\lib\</path>
         <kind>archive</kind>
         <file>rtsv7M4_T_le_v4SPD16_eabi.lib</file>
         <name>copy_decompress_lzss.obj</name>
      </input_file>
      <input_file id="fl-c4">
         <path>D:\ti\ccsv7\tools\compiler\ti-cgt-arm_16.9.0.LTS\lib\</path>
         <kind>archive</kind>
         <file>rtsv7M4_T_le_v4SPD16_eabi.lib</file>
         <name>copy_decompress_none.obj</name>
      </input_file>
      <input_file id="fl-c5">
         <path>D:\ti\ccsv7\tools\compiler\ti-cgt-arm_16.9.0.LTS\lib\</path>
         <kind>archive</kind>
         <file>rtsv7M4_T_le_v4SPD16_eabi.lib</file>
         <name>copy_zero_init.obj</name>
      </input_file>
      <input_file id="fl-c6">
         <path>D:\ti\ccsv7\tools\compiler\ti-cgt-arm_16.9.0.LTS\lib\</path>
         <kind>archive</kind>
         <file>rtsv7M4_T_le_v4SPD16_eabi.lib</file>
         <name>exit.obj</name>
      </input_file>
      <input_file id="fl-c7">
         <path>D:\ti\ccsv7\tools\compiler\ti-cgt-arm_16.9.0.LTS\lib\</path>
         <kind>archive</kind>
         <file>rtsv7M4_T_le_v4SPD16_eabi.lib</file>
         <name>memcpy_t2.obj</name>
      </input_file>
      <input_file id="fl-c8">
         <path>D:\ti\ccsv7\tools\compiler\ti-cgt-arm_16.9.0.LTS\lib\</path>
         <kind>archive</kind>
         <file>rtsv7M4_T_le_v4SPD16_eabi.lib</file>
         <name>memset_t2.obj</name>
      </input_file>
      <input_file id="fl-c9">
         <path>D:\ti\ccsv7\tools\compiler\ti-cgt-arm_16.9.0.LTS\lib\</path>
         <kind>archive</kind>
         <file>rtsv7M4_T_le_v4SPD16_eabi.lib</file>
         <name>mpu_init.obj</name>
      </input_file>
      <input_file id="fl-ca">
         <path>D:\ti\ccsv7\tools\compiler\ti-cgt-arm_16.9.0.LTS\lib\</path>
         <kind>archive</kind>
         <file>rtsv7M4_T_le_v4SPD16_eabi.lib</file>
         <name>pre_init.obj</name>
      </input_file>
      <input_file id="fl-cb">
         <path>D:\ti\ccsv7\tools\compiler\ti-cgt-arm_16.9.0.LTS\lib\</path>
         <kind>archive</kind>
         <file>rtsv7M4_T_le_v4SPD16_eabi.lib</file>
         <name>stkdepth_vars.obj</name>
      </input_file>
      <input_file id="fl-cc">
         <path>D:\ti\ccsv7\tools\compiler\ti-cgt-arm_16.9.0.LTS\lib\</path>
         <kind>archive</kind>
         <file>rtsv7M4_T_le_v4SPD16_eabi.lib</file>
         <name>_lock.obj</name>
      </input_file>
      <input_file id="fl-cd">
         <path>D:\ti\ccsv7\tools\compiler\ti-cgt-arm_16.9.0.LTS\lib\</path>
         <kind>archive</kind>
         <file>rtsv7M4_T_le_v4SPD16_eabi.lib</file>
         <name>args_main.obj</name>
      </input_file>
      <input_file id="fl-ce">
         <path>D:\ti\ccsv7\tools\compiler\ti-cgt-arm_16.9.0.LTS\lib\</path>
         <kind>archive</kind>
         <file>rtsv7M4_T_le_v4SPD16_eabi.lib</file>
         <name>autoinit.obj</name>
      </input_file>
      <input_file id="fl-cf">
         <path>D:\ti\ccsv7\tools\compiler\ti-cgt-arm_16.9.0.LTS\lib\</path>
         <kind>archive</kind>
         <file>rtsv7M4_T_le_v4SPD16_eabi.lib</file>
         <name>cpy_tbl.obj</name>
      </input_file>
      <input_file id="fl-d0">
         <path>D:\ti\ccsv7\tools\compiler\ti-cgt-arm_16.9.0.LTS\lib\</path>
         <kind>archive</kind>
         <file>rtsv7M4_T_le_v4SPD16_eabi.lib</file>
         <name>startup.obj</name>
      </input_file>
      <input_file id="fl-d1">
         <path>D:\ti\TivaWare\driverlib\ccs\Debug\</path>
         <kind>archive</kind>
         <file>driverlib.lib</file>
         <name>emac.obj</name>
      </input_file>
      <input_file id="fl-d2">
         <path>D:\ti\TivaWare\driverlib\ccs\Debug\</path>
         <kind>archive</kind>
         <file>driverlib.lib</file>
         <name>flash.obj</name>
      </input_file>
      <input_file id="fl-d3">
         <path>D:\ti\TivaWare\driverlib\ccs\Debug\</path>
         <kind>archive</kind>
         <file>driverlib.lib</file>
         <name>gpio.obj</name>
      </input_file>
      <input_file id="fl-d4">
         <path>D:\ti\TivaWare\driverlib\ccs\Debug\</path>
         <kind>archive</kind>
         <file>driverlib.lib</file>
         <name>interrupt.obj</name>
      </input_file>
      <input_file id="fl-d5">
         <path>D:\ti\TivaWare\driverlib\ccs\Debug\</path>
         <kind>archive</kind>
         <file>driverlib.lib</file>
         <name>lcd.obj</name>
      </input_file>
      <input_file id="fl-d6">
         <path>D:\ti\TivaWare\driverlib\ccs\Debug\</path>
         <kind>archive</kind>
         <file>driverlib.lib</file>
         <name>sw_crc.obj</name>
      </input_file>
      <input_file id="fl-d7">
         <path>D:\ti\TivaWare\driverlib\ccs\Debug\</path>
         <kind>archive</kind>
         <file>driverlib.lib</file>
         <name>sysctl.obj</name>
      </input_file>
      <input_file id="fl-d8">
         <path>D:\ti\TivaWare\driverlib\ccs\Debug\</path>
         <kind>archive</kind>
         <file>driverlib.lib</file>
         <name>cpu.obj</name>
      </input_file>
      <input_file id="fl-d9">
         <path>D:\ti\TivaWare\grlib\ccs\Debug\</path>
         <kind>archive</kind>
         <file>grlib.lib</file>
         <name>context.obj</name>
      </input_file>
      <input_file id="fl-da">
         <path>D:\ti\TivaWare\grlib\ccs\Debug\</path>
         <kind>archive</kind>
         <file>grlib.lib</file>
         <name>image.obj</name>
      </input_file>
      <input_file id="fl-db">
         <path>D:\ti\TivaWare\grlib\ccs\Debug\</path>
         <kind>archive</kind>
         <file>grlib.lib</file>
         <name>string.obj</name>
      </input_file>
      <input_file id="fl-dc">
         <path>D:\ti\TivaWare\grlib\ccs\Debug\</path>
         <kind>archive</kind>
         <file>grlib.lib</file>
         <name>fontcmss18b.obj</name>
      </input_file>
      <input_file id="fl-dd">
         <path>D:\ti\TivaWare\grlib\ccs\Debug\</path>
         <kind>archive</kind>
         <file>grlib.lib</file>
         <name>charmap.obj</name>
      </input_file>
   </input_file_list>
   <object_component_list>
      <object_component id="oc-f">
         <name>.intvecs</name>
         <load_address>0x0</load_address>
         <run_address>0x0</run_address>
         <size>0x200</size>
         <input_file_ref idref="fl-2"/>
      </object_component>
      <object_component id="oc-106">
         <name>.text:SysCtlClockFreqSet</name>
         <load_address>0x200</load_address>
         <run_address>0x200</run_address>
         <size>0x200</size>
         <input_file_ref idref="fl-d7"/>
      </object_component>
      <object_component id="oc-d5">
         <name>.text:main</name>
         <load_address>0x400</load_address>
         <run_address>0x400</run_address>
         <size>0x160</size>
         <input_file_ref idref="fl-3"/>
      </object_component>
      <object_component id="oc-57">
         <name>.text</name>
         <load_address>0x560</load_address>
         <run_address>0x560</run_address>
         <size>0x9c</size>
         <input_file_ref idref="fl-c7"/>
      </object_component>
      <object_component id="oc-13c">
         <name>.text:InitDescriptors</name>
         <load_address>0x5fc</load_address>
         <run_address>0x5fc</run_address>
         <size>0x90</size>
         <input_file_ref idref="fl-3"/>
      </object_component>
      <object_component id="oc-63">
         <name>.text</name>
         <load_address>0x68c</load_address>
         <run_address>0x68c</run_address>
         <size>0x7a</size>
         <input_file_ref idref="fl-c8"/>
      </object_component>
      <object_component id="oc-37">
         <name>.text:FaultISR</name>
         <load_address>0x706</load_address>
         <run_address>0x706</run_address>
         <size>0x2</size>
         <input_file_ref idref="fl-2"/>
      </object_component>
      <object_component id="oc-130">
         <name>.text:EMACInit</name>
         <load_address>0x708</load_address>
         <run_address>0x708</run_address>
         <size>0x78</size>
         <input_file_ref idref="fl-d1"/>
      </object_component>
      <object_component id="oc-7b">
         <name>.text</name>
         <load_address>0x780</load_address>
         <run_address>0x780</run_address>
         <size>0x70</size>
         <input_file_ref idref="fl-ce"/>
      </object_component>
      <object_component id="oc-160">
         <name>.text:IntEnable</name>
         <load_address>0x7f0</load_address>
         <run_address>0x7f0</run_address>
         <size>0x68</size>
         <input_file_ref idref="fl-d4"/>
      </object_component>
      <object_component id="oc-12">
         <name>.text:decompress:lzss</name>
         <load_address>0x858</load_address>
         <run_address>0x858</run_address>
         <size>0x68</size>
         <input_file_ref idref="fl-c3"/>
      </object_component>
      <object_component id="oc-124">
         <name>.text:EMACPHYConfigSet</name>
         <load_address>0x8c0</load_address>
         <run_address>0x8c0</run_address>
         <size>0x58</size>
         <input_file_ref idref="fl-d1"/>
      </object_component>
      <object_component id="oc-24">
         <name>.text</name>
         <load_address>0x918</load_address>
         <run_address>0x918</run_address>
         <size>0x54</size>
         <input_file_ref idref="fl-c2"/>
      </object_component>
      <object_component id="oc-87">
         <name>.text</name>
         <load_address>0x96c</load_address>
         <run_address>0x96c</run_address>
         <size>0x54</size>
         <input_file_ref idref="fl-c6"/>
      </object_component>
      <object_component id="oc-118">
         <name>.text:SysCtlPeripheralReset</name>
         <load_address>0x9c0</load_address>
         <run_address>0x9c0</run_address>
         <size>0x50</size>
         <input_file_ref idref="fl-d7"/>
      </object_component>
      <object_component id="oc-c7">
         <name>.text</name>
         <load_address>0xa10</load_address>
         <run_address>0xa10</run_address>
         <size>0x4c</size>
         <input_file_ref idref="fl-cf"/>
      </object_component>
      <object_component id="oc-1ab">
         <name>.text:_SysCtlFrequencyGet</name>
         <load_address>0xa5c</load_address>
         <run_address>0xa5c</run_address>
         <size>0x48</size>
         <input_file_ref idref="fl-d7"/>
      </object_component>
      <object_component id="oc-a1">
         <name>.text:ProcessReceivedPacket</name>
         <load_address>0xaa4</load_address>
         <run_address>0xaa4</run_address>
         <size>0x44</size>
         <input_file_ref idref="fl-3"/>
      </object_component>
      <object_component id="oc-16c">
         <name>.text:PacketTransmit</name>
         <load_address>0xae8</load_address>
         <run_address>0xae8</run_address>
         <size>0x40</size>
         <input_file_ref idref="fl-3"/>
      </object_component>
      <object_component id="oc-166">
         <name>.text:EMACIntEnable</name>
         <load_address>0xb28</load_address>
         <run_address>0xb28</run_address>
         <size>0x3a</size>
         <input_file_ref idref="fl-d1"/>
      </object_component>
      <object_component id="oc-3d">
         <name>.text:IntDefaultHandler</name>
         <load_address>0xb62</load_address>
         <run_address>0xb62</run_address>
         <size>0x2</size>
         <input_file_ref idref="fl-2"/>
      </object_component>
      <object_component id="oc-136">
         <name>.text:EMACConfigSet</name>
         <load_address>0xb64</load_address>
         <run_address>0xb64</run_address>
         <size>0x38</size>
         <input_file_ref idref="fl-d1"/>
      </object_component>
      <object_component id="oc-11e">
         <name>.text:SysCtlPeripheralReady</name>
         <load_address>0xb9c</load_address>
         <run_address>0xb9c</run_address>
         <size>0x38</size>
         <input_file_ref idref="fl-d7"/>
      </object_component>
      <object_component id="oc-9b">
         <name>.text:EMACIntClear</name>
         <load_address>0xbd4</load_address>
         <run_address>0xbd4</run_address>
         <size>0x34</size>
         <input_file_ref idref="fl-d1"/>
      </object_component>
      <object_component id="oc-112">
         <name>.text:SysCtlPeripheralEnable</name>
         <load_address>0xc08</load_address>
         <run_address>0xc08</run_address>
         <size>0x34</size>
         <input_file_ref idref="fl-d7"/>
      </object_component>
      <object_component id="oc-142">
         <name>.text:EMACAddrSet</name>
         <load_address>0xc3c</load_address>
         <run_address>0xc3c</run_address>
         <size>0x30</size>
         <input_file_ref idref="fl-d1"/>
      </object_component>
      <object_component id="oc-95">
         <name>.text:EMACIntStatus</name>
         <load_address>0xc6c</load_address>
         <run_address>0xc6c</run_address>
         <size>0x2c</size>
         <input_file_ref idref="fl-d1"/>
      </object_component>
      <object_component id="oc-148">
         <name>.text:EMACPHYRead</name>
         <load_address>0xc98</load_address>
         <run_address>0xc98</run_address>
         <size>0x26</size>
         <input_file_ref idref="fl-d1"/>
      </object_component>
      <object_component id="oc-31">
         <name>.text:NmiSR</name>
         <load_address>0xcbe</load_address>
         <run_address>0xcbe</run_address>
         <size>0x2</size>
         <input_file_ref idref="fl-2"/>
      </object_component>
      <object_component id="oc-43">
         <name>.text:EthernetIntHandler</name>
         <load_address>0xcc0</load_address>
         <run_address>0xcc0</run_address>
         <size>0x24</size>
         <input_file_ref idref="fl-3"/>
      </object_component>
      <object_component id="oc-1a5">
         <name>.text:_SysCtlMemTimingGet</name>
         <load_address>0xce4</load_address>
         <run_address>0xce4</run_address>
         <size>0x20</size>
         <input_file_ref idref="fl-d7"/>
      </object_component>
      <object_component id="oc-81">
         <name>.text</name>
         <load_address>0xd04</load_address>
         <run_address>0xd04</run_address>
         <size>0x18</size>
         <input_file_ref idref="fl-cd"/>
      </object_component>
      <object_component id="oc-12a">
         <name>.text:EMACReset</name>
         <load_address>0xd1c</load_address>
         <run_address>0xd1c</run_address>
         <size>0x16</size>
         <input_file_ref idref="fl-d1"/>
      </object_component>
      <object_component id="oc-15a">
         <name>.text:EMACRxEnable</name>
         <load_address>0xd32</load_address>
         <run_address>0xd32</run_address>
         <size>0x16</size>
         <input_file_ref idref="fl-d1"/>
      </object_component>
      <object_component id="oc-154">
         <name>.text:EMACTxEnable</name>
         <load_address>0xd48</load_address>
         <run_address>0xd48</run_address>
         <size>0x16</size>
         <input_file_ref idref="fl-d1"/>
      </object_component>
      <object_component id="oc-6f">
         <name>.text</name>
         <load_address>0xd5e</load_address>
         <run_address>0xd5e</run_address>
         <size>0x2</size>
         <input_file_ref idref="fl-c9"/>
      </object_component>
      <object_component id="oc-10c">
         <name>.text:FlashUserGet</name>
         <load_address>0xd60</load_address>
         <run_address>0xd60</run_address>
         <size>0x14</size>
         <input_file_ref idref="fl-d2"/>
      </object_component>
      <object_component id="oc-17f">
         <name>.text</name>
         <load_address>0xd74</load_address>
         <run_address>0xd74</run_address>
         <size>0x14</size>
         <input_file_ref idref="fl-cc"/>
      </object_component>
      <object_component id="oc-14e">
         <name>.text:EMACFrameFilterSet</name>
         <load_address>0xd88</load_address>
         <run_address>0xd88</run_address>
         <size>0x10</size>
         <input_file_ref idref="fl-d1"/>
      </object_component>
      <object_component id="oc-18">
         <name>.text:decompress:none</name>
         <load_address>0xd98</load_address>
         <run_address>0xd98</run_address>
         <size>0xe</size>
         <input_file_ref idref="fl-c4"/>
      </object_component>
      <object_component id="oc-1e">
         <name>.text:decompress:ZI</name>
         <load_address>0xda6</load_address>
         <run_address>0xda6</run_address>
         <size>0xc</size>
         <input_file_ref idref="fl-c5"/>
      </object_component>
      <object_component id="oc-1e4">
         <name>.text:EMACTxDMAPollDemand</name>
         <load_address>0xdb2</load_address>
         <run_address>0xdb2</run_address>
         <size>0x8</size>
         <input_file_ref idref="fl-d1"/>
      </object_component>
      <object_component id="oc-1c9">
         <name>.text:EMACRxDMADescriptorListSet</name>
         <load_address>0xdba</load_address>
         <run_address>0xdba</run_address>
         <size>0x6</size>
         <input_file_ref idref="fl-d1"/>
      </object_component>
      <object_component id="oc-1cf">
         <name>.text:EMACTxDMADescriptorListSet</name>
         <load_address>0xdc0</load_address>
         <run_address>0xdc0</run_address>
         <size>0x6</size>
         <input_file_ref idref="fl-d1"/>
      </object_component>
      <object_component id="oc-2b">
         <name>.text:ResetISR</name>
         <load_address>0xdc6</load_address>
         <run_address>0xdc6</run_address>
         <size>0x6</size>
         <input_file_ref idref="fl-2"/>
      </object_component>
      <object_component id="oc-1c1">
         <name>.text:SysCtlDelay</name>
         <load_address>0xdcc</load_address>
         <run_address>0xdcc</run_address>
         <size>0x6</size>
         <input_file_ref idref="fl-d7"/>
      </object_component>
      <object_component id="oc-75">
         <name>.text</name>
         <load_address>0xdd2</load_address>
         <run_address>0xdd2</run_address>
         <size>0x4</size>
         <input_file_ref idref="fl-ca"/>
      </object_component>
      <object_component id="oc-cd">
         <name>.text</name>
         <load_address>0xdd6</load_address>
         <run_address>0xdd6</run_address>
         <size>0x2</size>
         <input_file_ref idref="fl-d0"/>
      </object_component>
      <object_component id="oc-1b4">
         <name>.const:g_pppui32XTALtoVCO</name>
         <load_address>0xdd8</load_address>
         <run_address>0xdd8</run_address>
         <size>0x1b0</size>
         <input_file_ref idref="fl-d7"/>
      </object_component>
      <object_component id="oc-1de">
         <name>.const</name>
         <load_address>0xf88</load_address>
         <run_address>0xf88</run_address>
         <size>0x70</size>
         <input_file_ref idref="fl-d4"/>
      </object_component>
      <object_component id="oc-1b1">
         <name>.const:g_pui32Xtals</name>
         <load_address>0xff8</load_address>
         <run_address>0xff8</run_address>
         <size>0x6c</size>
         <input_file_ref idref="fl-d7"/>
      </object_component>
      <object_component id="oc-172">
         <name>.const:.string:$P$T0$1</name>
         <load_address>0x1064</load_address>
         <run_address>0x1064</run_address>
         <size>0x31</size>
         <input_file_ref idref="fl-3"/>
      </object_component>
      <object_component id="oc-1f0">
         <name>.const:g_sXTALtoMEMTIM</name>
         <load_address>0x1098</load_address>
         <run_address>0x1098</run_address>
         <size>0x30</size>
         <input_file_ref idref="fl-d7"/>
      </object_component>
      <object_component id="oc-1c4">
         <name>.const</name>
         <load_address>0x10c8</load_address>
         <run_address>0x10c8</run_address>
         <size>0x18</size>
         <input_file_ref idref="fl-d1"/>
      </object_component>
      <object_component id="oc-1b7">
         <name>.const</name>
         <load_address>0x10e0</load_address>
         <run_address>0x10e0</run_address>
         <size>0x8</size>
         <input_file_ref idref="fl-d7"/>
      </object_component>
      <object_component id="oc-230">
         <name>.cinit..data.load</name>
         <load_address>0x10e8</load_address>
         <run_address>0x10e8</run_address>
         <size>0x11</size>
      </object_component>
      <object_component id="oc-22e">
         <name>__TI_handler_table</name>
         <load_address>0x10fc</load_address>
         <run_address>0x10fc</run_address>
         <size>0xc</size>
      </object_component>
      <object_component id="oc-231">
         <name>.cinit..bss.load</name>
         <load_address>0x1108</load_address>
         <run_address>0x1108</run_address>
         <size>0x8</size>
      </object_component>
      <object_component id="oc-22f">
         <name>__TI_cinit_table</name>
         <load_address>0x1110</load_address>
         <run_address>0x1110</run_address>
         <size>0x10</size>
      </object_component>
      <object_component id="oc-dd">
         <name>.data:$O1$$</name>
         <load_address>0x200014c8</load_address>
         <run_address>0x200014c8</run_address>
         <size>0xc</size>
         <input_file_ref idref="fl-c6"/>
      </object_component>
      <object_component id="oc-8d">
         <name>.data</name>
         <load_address>0x200014dc</load_address>
         <run_address>0x200014dc</run_address>
         <size>0x4</size>
         <input_file_ref idref="fl-cb"/>
      </object_component>
      <object_component id="oc-e0">
         <name>.data:$O1$$</name>
         <load_address>0x200014d4</load_address>
         <run_address>0x200014d4</run_address>
         <size>0x8</size>
         <input_file_ref idref="fl-cc"/>
      </object_component>
      <object_component id="oc-f3">
         <name>.common:g_psRxDescriptor</name>
         <uninitialized>true</uninitialized>
         <run_address>0x20001200</run_address>
         <size>0x60</size>
      </object_component>
      <object_component id="oc-1d5">
         <name>.common:g_psTxDescriptor</name>
         <uninitialized>true</uninitialized>
         <run_address>0x20001260</run_address>
         <size>0x60</size>
      </object_component>
      <object_component id="oc-f0">
         <name>.common:g_ui32RxDescIndex</name>
         <uninitialized>true</uninitialized>
         <run_address>0x200012c0</run_address>
         <size>0x4</size>
      </object_component>
      <object_component id="oc-1d7">
         <name>.common:g_ui32TxDescIndex</name>
         <uninitialized>true</uninitialized>
         <run_address>0x200012c4</run_address>
         <size>0x4</size>
      </object_component>
      <object_component id="oc-1d6">
         <name>.common:g_ppui8RxBuffer</name>
         <uninitialized>true</uninitialized>
         <run_address>0x20000000</run_address>
         <size>0x1200</size>
      </object_component>
      <object_component id="oc-2a">
         <name>.stack</name>
         <uninitialized>true</uninitialized>
         <run_address>0x200012c8</run_address>
         <size>0x0</size>
         <input_file_ref idref="fl-c2"/>
      </object_component>
      <object_component id="oc-232">
         <name>.stack</name>
         <uninitialized>true</uninitialized>
         <run_address>0x200012c8</run_address>
         <size>0x0</size>
      </object_component>
      <object_component id="oc-4b">
         <name>.debug_info</name>
         <load_address>0x0</load_address>
         <run_address>0x0</run_address>
         <size>0x130</size>
         <input_file_ref idref="fl-2"/>
      </object_component>
      <object_component id="oc-10">
         <name>.debug_info</name>
         <load_address>0x130</load_address>
         <run_address>0x130</run_address>
         <size>0xef</size>
         <input_file_ref idref="fl-2"/>
      </object_component>
      <object_component id="oc-2c">
         <name>.debug_info</name>
         <load_address>0x21f</load_address>
         <run_address>0x21f</run_address>
         <size>0x11f</size>
         <input_file_ref idref="fl-2"/>
      </object_component>
      <object_component id="oc-32">
         <name>.debug_info</name>
         <load_address>0x33e</load_address>
         <run_address>0x33e</run_address>
         <size>0x10d</size>
         <input_file_ref idref="fl-2"/>
      </object_component>
      <object_component id="oc-3e">
         <name>.debug_info</name>
         <load_address>0x44b</load_address>
         <run_address>0x44b</run_address>
         <size>0x128</size>
         <input_file_ref idref="fl-2"/>
      </object_component>
      <object_component id="oc-38">
         <name>.debug_info</name>
         <load_address>0x573</load_address>
         <run_address>0x573</run_address>
         <size>0x114</size>
         <input_file_ref idref="fl-2"/>
      </object_component>
      <object_component id="oc-52">
         <name>.debug_info</name>
         <load_address>0x687</load_address>
         <run_address>0x687</run_address>
         <size>0x84</size>
         <input_file_ref idref="fl-2"/>
      </object_component>
      <object_component id="oc-a8">
         <name>.debug_info</name>
         <load_address>0x70b</load_address>
         <run_address>0x70b</run_address>
         <size>0x18b</size>
         <input_file_ref idref="fl-2"/>
      </object_component>
      <object_component id="oc-f1">
         <name>.debug_info</name>
         <load_address>0x896</load_address>
         <run_address>0x896</run_address>
         <size>0x704</size>
         <input_file_ref idref="fl-3"/>
      </object_component>
      <object_component id="oc-173">
         <name>.debug_info</name>
         <load_address>0xf9a</load_address>
         <run_address>0xf9a</run_address>
         <size>0xe3</size>
         <input_file_ref idref="fl-3"/>
      </object_component>
      <object_component id="oc-13d">
         <name>.debug_info</name>
         <load_address>0x107d</load_address>
         <run_address>0x107d</run_address>
         <size>0x1cd</size>
         <input_file_ref idref="fl-3"/>
      </object_component>
      <object_component id="oc-16d">
         <name>.debug_info</name>
         <load_address>0x124a</load_address>
         <run_address>0x124a</run_address>
         <size>0x1a6</size>
         <input_file_ref idref="fl-3"/>
      </object_component>
      <object_component id="oc-d7">
         <name>.debug_info</name>
         <load_address>0x13f0</load_address>
         <run_address>0x13f0</run_address>
         <size>0x38f</size>
         <input_file_ref idref="fl-3"/>
      </object_component>
      <object_component id="oc-a2">
         <name>.debug_info</name>
         <load_address>0x177f</load_address>
         <run_address>0x177f</run_address>
         <size>0x156</size>
         <input_file_ref idref="fl-3"/>
      </object_component>
      <object_component id="oc-45">
         <name>.debug_info</name>
         <load_address>0x18d5</load_address>
         <run_address>0x18d5</run_address>
         <size>0x189</size>
         <input_file_ref idref="fl-3"/>
      </object_component>
      <object_component id="oc-18d">
         <name>.debug_info</name>
         <load_address>0x1a5e</load_address>
         <run_address>0x1a5e</run_address>
         <size>0x186</size>
         <input_file_ref idref="fl-3"/>
      </object_component>
      <object_component id="oc-e9">
         <name>.debug_info</name>
         <load_address>0x1be4</load_address>
         <run_address>0x1be4</run_address>
         <size>0x8b</size>
         <input_file_ref idref="fl-3"/>
      </object_component>
      <object_component id="oc-25">
         <name>.debug_info</name>
         <load_address>0x1c6f</load_address>
         <run_address>0x1c6f</run_address>
         <size>0x160</size>
         <input_file_ref idref="fl-c2"/>
      </object_component>
      <object_component id="oc-b4">
         <name>.debug_info</name>
         <load_address>0x1dcf</load_address>
         <run_address>0x1dcf</run_address>
         <size>0xf9</size>
         <input_file_ref idref="fl-c3"/>
      </object_component>
      <object_component id="oc-16">
         <name>.debug_info</name>
         <load_address>0x1ec8</load_address>
         <run_address>0x1ec8</run_address>
         <size>0x245</size>
         <input_file_ref idref="fl-c3"/>
      </object_component>
      <object_component id="oc-4d">
         <name>.debug_info</name>
         <load_address>0x210d</load_address>
         <run_address>0x210d</run_address>
         <size>0x60</size>
         <input_file_ref idref="fl-c3"/>
      </object_component>
      <object_component id="oc-af">
         <name>.debug_info</name>
         <load_address>0x216d</load_address>
         <run_address>0x216d</run_address>
         <size>0x46</size>
         <input_file_ref idref="fl-c3"/>
      </object_component>
      <object_component id="oc-62">
         <name>.debug_info</name>
         <load_address>0x21b3</load_address>
         <run_address>0x21b3</run_address>
         <size>0x140</size>
         <input_file_ref idref="fl-c4"/>
      </object_component>
      <object_component id="oc-1c">
         <name>.debug_info</name>
         <load_address>0x22f3</load_address>
         <run_address>0x22f3</run_address>
         <size>0x1df</size>
         <input_file_ref idref="fl-c4"/>
      </object_component>
      <object_component id="oc-5d">
         <name>.debug_info</name>
         <load_address>0x24d2</load_address>
         <run_address>0x24d2</run_address>
         <size>0x46</size>
         <input_file_ref idref="fl-c4"/>
      </object_component>
      <object_component id="oc-b6">
         <name>.debug_info</name>
         <load_address>0x2518</load_address>
         <run_address>0x2518</run_address>
         <size>0x2c</size>
         <input_file_ref idref="fl-c4"/>
      </object_component>
      <object_component id="oc-6e">
         <name>.debug_info</name>
         <load_address>0x2544</load_address>
         <run_address>0x2544</run_address>
         <size>0x12f</size>
         <input_file_ref idref="fl-c5"/>
      </object_component>
      <object_component id="oc-21">
         <name>.debug_info</name>
         <load_address>0x2673</load_address>
         <run_address>0x2673</run_address>
         <size>0x1aa</size>
         <input_file_ref idref="fl-c5"/>
      </object_component>
      <object_component id="oc-69">
         <name>.debug_info</name>
         <load_address>0x281d</load_address>
         <run_address>0x281d</run_address>
         <size>0x46</size>
         <input_file_ref idref="fl-c5"/>
      </object_component>
      <object_component id="oc-be">
         <name>.debug_info</name>
         <load_address>0x2863</load_address>
         <run_address>0x2863</run_address>
         <size>0x2c</size>
         <input_file_ref idref="fl-c5"/>
      </object_component>
      <object_component id="oc-e4">
         <name>.debug_info</name>
         <load_address>0x288f</load_address>
         <run_address>0x288f</run_address>
         <size>0x234</size>
         <input_file_ref idref="fl-c6"/>
      </object_component>
      <object_component id="oc-de">
         <name>.debug_info</name>
         <load_address>0x2ac3</load_address>
         <run_address>0x2ac3</run_address>
         <size>0x185</size>
         <input_file_ref idref="fl-c6"/>
      </object_component>
      <object_component id="oc-8a">
         <name>.debug_info</name>
         <load_address>0x2c48</load_address>
         <run_address>0x2c48</run_address>
         <size>0x214</size>
         <input_file_ref idref="fl-c6"/>
      </object_component>
      <object_component id="oc-59">
         <name>.debug_info</name>
         <load_address>0x2e5c</load_address>
         <run_address>0x2e5c</run_address>
         <size>0x111</size>
         <input_file_ref idref="fl-c7"/>
      </object_component>
      <object_component id="oc-64">
         <name>.debug_info</name>
         <load_address>0x2f6d</load_address>
         <run_address>0x2f6d</run_address>
         <size>0x13f</size>
         <input_file_ref idref="fl-c8"/>
      </object_component>
      <object_component id="oc-71">
         <name>.debug_info</name>
         <load_address>0x30ac</load_address>
         <run_address>0x30ac</run_address>
         <size>0x138</size>
         <input_file_ref idref="fl-c9"/>
      </object_component>
      <object_component id="oc-78">
         <name>.debug_info</name>
         <load_address>0x31e4</load_address>
         <run_address>0x31e4</run_address>
         <size>0x148</size>
         <input_file_ref idref="fl-ca"/>
      </object_component>
      <object_component id="oc-8e">
         <name>.debug_info</name>
         <load_address>0x332c</load_address>
         <run_address>0x332c</run_address>
         <size>0x109</size>
         <input_file_ref idref="fl-cb"/>
      </object_component>
      <object_component id="oc-187">
         <name>.debug_info</name>
         <load_address>0x3435</load_address>
         <run_address>0x3435</run_address>
         <size>0x124</size>
         <input_file_ref idref="fl-cc"/>
      </object_component>
      <object_component id="oc-e1">
         <name>.debug_info</name>
         <load_address>0x3559</load_address>
         <run_address>0x3559</run_address>
         <size>0x113</size>
         <input_file_ref idref="fl-cc"/>
      </object_component>
      <object_component id="oc-181">
         <name>.debug_info</name>
         <load_address>0x366c</load_address>
         <run_address>0x366c</run_address>
         <size>0x21f</size>
         <input_file_ref idref="fl-cc"/>
      </object_component>
      <object_component id="oc-dc">
         <name>.debug_info</name>
         <load_address>0x388b</load_address>
         <run_address>0x388b</run_address>
         <size>0x166</size>
         <input_file_ref idref="fl-cd"/>
      </object_component>
      <object_component id="oc-84">
         <name>.debug_info</name>
         <load_address>0x39f1</load_address>
         <run_address>0x39f1</run_address>
         <size>0x167</size>
         <input_file_ref idref="fl-cd"/>
      </object_component>
      <object_component id="oc-178">
         <name>.debug_info</name>
         <load_address>0x3b58</load_address>
         <run_address>0x3b58</run_address>
         <size>0x5e</size>
         <input_file_ref idref="fl-cd"/>
      </object_component>
      <object_component id="oc-d4">
         <name>.debug_info</name>
         <load_address>0x3bb6</load_address>
         <run_address>0x3bb6</run_address>
         <size>0x2e9</size>
         <input_file_ref idref="fl-ce"/>
      </object_component>
      <object_component id="oc-7e">
         <name>.debug_info</name>
         <load_address>0x3e9f</load_address>
         <run_address>0x3e9f</run_address>
         <size>0x190</size>
         <input_file_ref idref="fl-ce"/>
      </object_component>
      <object_component id="oc-fc">
         <name>.debug_info</name>
         <load_address>0x402f</load_address>
         <run_address>0x402f</run_address>
         <size>0x39</size>
         <input_file_ref idref="fl-ce"/>
      </object_component>
      <object_component id="oc-1a0">
         <name>.debug_info</name>
         <load_address>0x4068</load_address>
         <run_address>0x4068</run_address>
         <size>0x39</size>
         <input_file_ref idref="fl-ce"/>
      </object_component>
      <object_component id="oc-101">
         <name>.debug_info</name>
         <load_address>0x40a1</load_address>
         <run_address>0x40a1</run_address>
         <size>0xcd</size>
         <input_file_ref idref="fl-ce"/>
      </object_component>
      <object_component id="oc-f8">
         <name>.debug_info</name>
         <load_address>0x416e</load_address>
         <run_address>0x416e</run_address>
         <size>0x1e0</size>
         <input_file_ref idref="fl-cf"/>
      </object_component>
      <object_component id="oc-c8">
         <name>.debug_info</name>
         <load_address>0x434e</load_address>
         <run_address>0x434e</run_address>
         <size>0x183</size>
         <input_file_ref idref="fl-cf"/>
      </object_component>
      <object_component id="oc-19b">
         <name>.debug_info</name>
         <load_address>0x44d1</load_address>
         <run_address>0x44d1</run_address>
         <size>0x2c</size>
         <input_file_ref idref="fl-cf"/>
      </object_component>
      <object_component id="oc-d0">
         <name>.debug_info</name>
         <load_address>0x44fd</load_address>
         <run_address>0x44fd</run_address>
         <size>0x145</size>
         <input_file_ref idref="fl-d0"/>
      </object_component>
      <object_component id="oc-ee">
         <name>.debug_info</name>
         <load_address>0x4642</load_address>
         <run_address>0x4642</run_address>
         <size>0x349</size>
         <input_file_ref idref="fl-d1"/>
      </object_component>
      <object_component id="oc-1c5">
         <name>.debug_info</name>
         <load_address>0x498b</load_address>
         <run_address>0x498b</run_address>
         <size>0x155</size>
         <input_file_ref idref="fl-d1"/>
      </object_component>
      <object_component id="oc-156">
         <name>.debug_info</name>
         <load_address>0x4ae0</load_address>
         <run_address>0x4ae0</run_address>
         <size>0x24b</size>
         <input_file_ref idref="fl-d1"/>
      </object_component>
      <object_component id="oc-1e6">
         <name>.debug_info</name>
         <load_address>0x4d2b</load_address>
         <run_address>0x4d2b</run_address>
         <size>0x259</size>
         <input_file_ref idref="fl-d1"/>
      </object_component>
      <object_component id="oc-1d0">
         <name>.debug_info</name>
         <load_address>0x4f84</load_address>
         <run_address>0x4f84</run_address>
         <size>0x2a5</size>
         <input_file_ref idref="fl-d1"/>
      </object_component>
      <object_component id="oc-15b">
         <name>.debug_info</name>
         <load_address>0x5229</load_address>
         <run_address>0x5229</run_address>
         <size>0x24b</size>
         <input_file_ref idref="fl-d1"/>
      </object_component>
      <object_component id="oc-1ca">
         <name>.debug_info</name>
         <load_address>0x5474</load_address>
         <run_address>0x5474</run_address>
         <size>0x2a5</size>
         <input_file_ref idref="fl-d1"/>
      </object_component>
      <object_component id="oc-12b">
         <name>.debug_info</name>
         <load_address>0x5719</load_address>
         <run_address>0x5719</run_address>
         <size>0x245</size>
         <input_file_ref idref="fl-d1"/>
      </object_component>
      <object_component id="oc-149">
         <name>.debug_info</name>
         <load_address>0x595e</load_address>
         <run_address>0x595e</run_address>
         <size>0x2c1</size>
         <input_file_ref idref="fl-d1"/>
      </object_component>
      <object_component id="oc-125">
         <name>.debug_info</name>
         <load_address>0x5c1f</load_address>
         <run_address>0x5c1f</run_address>
         <size>0x2f9</size>
         <input_file_ref idref="fl-d1"/>
      </object_component>
      <object_component id="oc-96">
         <name>.debug_info</name>
         <load_address>0x5f18</load_address>
         <run_address>0x5f18</run_address>
         <size>0x2b5</size>
         <input_file_ref idref="fl-d1"/>
      </object_component>
      <object_component id="oc-167">
         <name>.debug_info</name>
         <load_address>0x61cd</load_address>
         <run_address>0x61cd</run_address>
         <size>0x28f</size>
         <input_file_ref idref="fl-d1"/>
      </object_component>
      <object_component id="oc-9c">
         <name>.debug_info</name>
         <load_address>0x645c</load_address>
         <run_address>0x645c</run_address>
         <size>0x28d</size>
         <input_file_ref idref="fl-d1"/>
      </object_component>
      <object_component id="oc-131">
         <name>.debug_info</name>
         <load_address>0x66e9</load_address>
         <run_address>0x66e9</run_address>
         <size>0x398</size>
         <input_file_ref idref="fl-d1"/>
      </object_component>
      <object_component id="oc-14f">
         <name>.debug_info</name>
         <load_address>0x6a81</load_address>
         <run_address>0x6a81</run_address>
         <size>0x2a1</size>
         <input_file_ref idref="fl-d1"/>
      </object_component>
      <object_component id="oc-137">
         <name>.debug_info</name>
         <load_address>0x6d22</load_address>
         <run_address>0x6d22</run_address>
         <size>0x327</size>
         <input_file_ref idref="fl-d1"/>
      </object_component>
      <object_component id="oc-143">
         <name>.debug_info</name>
         <load_address>0x7049</load_address>
         <run_address>0x7049</run_address>
         <size>0x2bd</size>
         <input_file_ref idref="fl-d1"/>
      </object_component>
      <object_component id="oc-192">
         <name>.debug_info</name>
         <load_address>0x7306</load_address>
         <run_address>0x7306</run_address>
         <size>0x5f</size>
         <input_file_ref idref="fl-d1"/>
      </object_component>
      <object_component id="oc-1bd">
         <name>.debug_info</name>
         <load_address>0x7365</load_address>
         <run_address>0x7365</run_address>
         <size>0x203</size>
         <input_file_ref idref="fl-d2"/>
      </object_component>
      <object_component id="oc-10d">
         <name>.debug_info</name>
         <load_address>0x7568</load_address>
         <run_address>0x7568</run_address>
         <size>0x294</size>
         <input_file_ref idref="fl-d2"/>
      </object_component>
      <object_component id="oc-1e2">
         <name>.debug_info</name>
         <load_address>0x77fc</load_address>
         <run_address>0x77fc</run_address>
         <size>0x20e</size>
         <input_file_ref idref="fl-d4"/>
      </object_component>
      <object_component id="oc-1df">
         <name>.debug_info</name>
         <load_address>0x7a0a</load_address>
         <run_address>0x7a0a</run_address>
         <size>0x210</size>
         <input_file_ref idref="fl-d4"/>
      </object_component>
      <object_component id="oc-162">
         <name>.debug_info</name>
         <load_address>0x7c1a</load_address>
         <run_address>0x7c1a</run_address>
         <size>0x268</size>
         <input_file_ref idref="fl-d4"/>
      </object_component>
      <object_component id="oc-1bb">
         <name>.debug_info</name>
         <load_address>0x7e82</load_address>
         <run_address>0x7e82</run_address>
         <size>0x298</size>
         <input_file_ref idref="fl-d7"/>
      </object_component>
      <object_component id="oc-1b2">
         <name>.debug_info</name>
         <load_address>0x811a</load_address>
         <run_address>0x811a</run_address>
         <size>0x14d</size>
         <input_file_ref idref="fl-d7"/>
      </object_component>
      <object_component id="oc-1b5">
         <name>.debug_info</name>
         <load_address>0x8267</load_address>
         <run_address>0x8267</run_address>
         <size>0x159</size>
         <input_file_ref idref="fl-d7"/>
      </object_component>
      <object_component id="oc-1f1">
         <name>.debug_info</name>
         <load_address>0x83c0</load_address>
         <run_address>0x83c0</run_address>
         <size>0x153</size>
         <input_file_ref idref="fl-d7"/>
      </object_component>
      <object_component id="oc-1b8">
         <name>.debug_info</name>
         <load_address>0x8513</load_address>
         <run_address>0x8513</run_address>
         <size>0x160</size>
         <input_file_ref idref="fl-d7"/>
      </object_component>
      <object_component id="oc-11a">
         <name>.debug_info</name>
         <load_address>0x8673</load_address>
         <run_address>0x8673</run_address>
         <size>0x295</size>
         <input_file_ref idref="fl-d7"/>
      </object_component>
      <object_component id="oc-120">
         <name>.debug_info</name>
         <load_address>0x8908</load_address>
         <run_address>0x8908</run_address>
         <size>0x27f</size>
         <input_file_ref idref="fl-d7"/>
      </object_component>
      <object_component id="oc-114">
         <name>.debug_info</name>
         <load_address>0x8b87</load_address>
         <run_address>0x8b87</run_address>
         <size>0x27d</size>
         <input_file_ref idref="fl-d7"/>
      </object_component>
      <object_component id="oc-1a7">
         <name>.debug_info</name>
         <load_address>0x8e04</load_address>
         <run_address>0x8e04</run_address>
         <size>0x270</size>
         <input_file_ref idref="fl-d7"/>
      </object_component>
      <object_component id="oc-1ad">
         <name>.debug_info</name>
         <load_address>0x9074</load_address>
         <run_address>0x9074</run_address>
         <size>0x2ba</size>
         <input_file_ref idref="fl-d7"/>
      </object_component>
      <object_component id="oc-108">
         <name>.debug_info</name>
         <load_address>0x932e</load_address>
         <run_address>0x932e</run_address>
         <size>0x49a</size>
         <input_file_ref idref="fl-d7"/>
      </object_component>
      <object_component id="oc-1fd">
         <name>.debug_info</name>
         <load_address>0x97c8</load_address>
         <run_address>0x97c8</run_address>
         <size>0x5f</size>
         <input_file_ref idref="fl-d7"/>
      </object_component>
      <object_component id="oc-233">
         <name>.debug_info</name>
         <load_address>0x9827</load_address>
         <run_address>0x9827</run_address>
         <size>0xb2</size>
      </object_component>
      <object_component id="oc-ae">
         <name>.debug_line</name>
         <load_address>0x0</load_address>
         <run_address>0x0</run_address>
         <size>0x34</size>
         <input_file_ref idref="fl-2"/>
      </object_component>
      <object_component id="oc-4a">
         <name>.debug_line</name>
         <load_address>0x34</load_address>
         <run_address>0x34</run_address>
         <size>0x34</size>
         <input_file_ref idref="fl-2"/>
      </object_component>
      <object_component id="oc-30">
         <name>.debug_line</name>
         <load_address>0x68</load_address>
         <run_address>0x68</run_address>
         <size>0x46</size>
         <input_file_ref idref="fl-2"/>
      </object_component>
      <object_component id="oc-36">
         <name>.debug_line</name>
         <load_address>0xae</load_address>
         <run_address>0xae</run_address>
         <size>0x49</size>
         <input_file_ref idref="fl-2"/>
      </object_component>
      <object_component id="oc-42">
         <name>.debug_line</name>
         <load_address>0xf7</load_address>
         <run_address>0xf7</run_address>
         <size>0x49</size>
         <input_file_ref idref="fl-2"/>
      </object_component>
      <object_component id="oc-3c">
         <name>.debug_line</name>
         <load_address>0x140</load_address>
         <run_address>0x140</run_address>
         <size>0x49</size>
         <input_file_ref idref="fl-2"/>
      </object_component>
      <object_component id="oc-55">
         <name>.debug_line</name>
         <load_address>0x189</load_address>
         <run_address>0x189</run_address>
         <size>0x20</size>
         <input_file_ref idref="fl-2"/>
      </object_component>
      <object_component id="oc-ab">
         <name>.debug_line</name>
         <load_address>0x1a9</load_address>
         <run_address>0x1a9</run_address>
         <size>0x65</size>
         <input_file_ref idref="fl-2"/>
      </object_component>
      <object_component id="oc-198">
         <name>.debug_line</name>
         <load_address>0x20e</load_address>
         <run_address>0x20e</run_address>
         <size>0xc6</size>
         <input_file_ref idref="fl-3"/>
      </object_component>
      <object_component id="oc-1ec">
         <name>.debug_line</name>
         <load_address>0x2d4</load_address>
         <run_address>0x2d4</run_address>
         <size>0x32</size>
         <input_file_ref idref="fl-3"/>
      </object_component>
      <object_component id="oc-140">
         <name>.debug_line</name>
         <load_address>0x306</load_address>
         <run_address>0x306</run_address>
         <size>0x76</size>
         <input_file_ref idref="fl-3"/>
      </object_component>
      <object_component id="oc-170">
         <name>.debug_line</name>
         <load_address>0x37c</load_address>
         <run_address>0x37c</run_address>
         <size>0x53</size>
         <input_file_ref idref="fl-3"/>
      </object_component>
      <object_component id="oc-d6">
         <name>.debug_line</name>
         <load_address>0x3cf</load_address>
         <run_address>0x3cf</run_address>
         <size>0xe4</size>
         <input_file_ref idref="fl-3"/>
      </object_component>
      <object_component id="oc-a5">
         <name>.debug_line</name>
         <load_address>0x4b3</load_address>
         <run_address>0x4b3</run_address>
         <size>0x59</size>
         <input_file_ref idref="fl-3"/>
      </object_component>
      <object_component id="oc-44">
         <name>.debug_line</name>
         <load_address>0x50c</load_address>
         <run_address>0x50c</run_address>
         <size>0x4d</size>
         <input_file_ref idref="fl-3"/>
      </object_component>
      <object_component id="oc-190">
         <name>.debug_line</name>
         <load_address>0x559</load_address>
         <run_address>0x559</run_address>
         <size>0x43</size>
         <input_file_ref idref="fl-3"/>
      </object_component>
      <object_component id="oc-ec">
         <name>.debug_line</name>
         <load_address>0x59c</load_address>
         <run_address>0x59c</run_address>
         <size>0x20</size>
         <input_file_ref idref="fl-3"/>
      </object_component>
      <object_component id="oc-28">
         <name>.debug_line</name>
         <load_address>0x5bc</load_address>
         <run_address>0x5bc</run_address>
         <size>0x53</size>
         <input_file_ref idref="fl-c2"/>
      </object_component>
      <object_component id="oc-f6">
         <name>.debug_line</name>
         <load_address>0x60f</load_address>
         <run_address>0x60f</run_address>
         <size>0x20</size>
         <input_file_ref idref="fl-c3"/>
      </object_component>
      <object_component id="oc-15">
         <name>.debug_line</name>
         <load_address>0x62f</load_address>
         <run_address>0x62f</run_address>
         <size>0xa9</size>
         <input_file_ref idref="fl-c3"/>
      </object_component>
      <object_component id="oc-50">
         <name>.debug_line</name>
         <load_address>0x6d8</load_address>
         <run_address>0x6d8</run_address>
         <size>0x3a</size>
         <input_file_ref idref="fl-c3"/>
      </object_component>
      <object_component id="oc-b2">
         <name>.debug_line</name>
         <load_address>0x712</load_address>
         <run_address>0x712</run_address>
         <size>0x8a</size>
         <input_file_ref idref="fl-c3"/>
      </object_component>
      <object_component id="oc-bc">
         <name>.debug_line</name>
         <load_address>0x79c</load_address>
         <run_address>0x79c</run_address>
         <size>0x8a</size>
         <input_file_ref idref="fl-c4"/>
      </object_component>
      <object_component id="oc-1a">
         <name>.debug_line</name>
         <load_address>0x826</load_address>
         <run_address>0x826</run_address>
         <size>0x55</size>
         <input_file_ref idref="fl-c4"/>
      </object_component>
      <object_component id="oc-60">
         <name>.debug_line</name>
         <load_address>0x87b</load_address>
         <run_address>0x87b</run_address>
         <size>0x3a</size>
         <input_file_ref idref="fl-c4"/>
      </object_component>
      <object_component id="oc-b9">
         <name>.debug_line</name>
         <load_address>0x8b5</load_address>
         <run_address>0x8b5</run_address>
         <size>0x8a</size>
         <input_file_ref idref="fl-c4"/>
      </object_component>
      <object_component id="oc-c4">
         <name>.debug_line</name>
         <load_address>0x93f</load_address>
         <run_address>0x93f</run_address>
         <size>0x8a</size>
         <input_file_ref idref="fl-c5"/>
      </object_component>
      <object_component id="oc-1f">
         <name>.debug_line</name>
         <load_address>0x9c9</load_address>
         <run_address>0x9c9</run_address>
         <size>0x4f</size>
         <input_file_ref idref="fl-c5"/>
      </object_component>
      <object_component id="oc-6c">
         <name>.debug_line</name>
         <load_address>0xa18</load_address>
         <run_address>0xa18</run_address>
         <size>0x34</size>
         <input_file_ref idref="fl-c5"/>
      </object_component>
      <object_component id="oc-c1">
         <name>.debug_line</name>
         <load_address>0xa4c</load_address>
         <run_address>0xa4c</run_address>
         <size>0x8a</size>
         <input_file_ref idref="fl-c5"/>
      </object_component>
      <object_component id="oc-18a">
         <name>.debug_line</name>
         <load_address>0xad6</load_address>
         <run_address>0xad6</run_address>
         <size>0xf2</size>
         <input_file_ref idref="fl-c6"/>
      </object_component>
      <object_component id="oc-17e">
         <name>.debug_line</name>
         <load_address>0xbc8</load_address>
         <run_address>0xbc8</run_address>
         <size>0x2a</size>
         <input_file_ref idref="fl-c6"/>
      </object_component>
      <object_component id="oc-88">
         <name>.debug_line</name>
         <load_address>0xbf2</load_address>
         <run_address>0xbf2</run_address>
         <size>0x86</size>
         <input_file_ref idref="fl-c6"/>
      </object_component>
      <object_component id="oc-5b">
         <name>.debug_line</name>
         <load_address>0xc78</load_address>
         <run_address>0xc78</run_address>
         <size>0x88</size>
         <input_file_ref idref="fl-c7"/>
      </object_component>
      <object_component id="oc-67">
         <name>.debug_line</name>
         <load_address>0xd00</load_address>
         <run_address>0xd00</run_address>
         <size>0x79</size>
         <input_file_ref idref="fl-c8"/>
      </object_component>
      <object_component id="oc-74">
         <name>.debug_line</name>
         <load_address>0xd79</load_address>
         <run_address>0xd79</run_address>
         <size>0x3d</size>
         <input_file_ref idref="fl-c9"/>
      </object_component>
      <object_component id="oc-77">
         <name>.debug_line</name>
         <load_address>0xdb6</load_address>
         <run_address>0xdb6</run_address>
         <size>0x40</size>
         <input_file_ref idref="fl-ca"/>
      </object_component>
      <object_component id="oc-e7">
         <name>.debug_line</name>
         <load_address>0xdf6</load_address>
         <run_address>0xdf6</run_address>
         <size>0x33</size>
         <input_file_ref idref="fl-cb"/>
      </object_component>
      <object_component id="oc-1ef">
         <name>.debug_line</name>
         <load_address>0xe29</load_address>
         <run_address>0xe29</run_address>
         <size>0x20</size>
         <input_file_ref idref="fl-cc"/>
      </object_component>
      <object_component id="oc-186">
         <name>.debug_line</name>
         <load_address>0xe49</load_address>
         <run_address>0xe49</run_address>
         <size>0x2b</size>
         <input_file_ref idref="fl-cc"/>
      </object_component>
      <object_component id="oc-183">
         <name>.debug_line</name>
         <load_address>0xe74</load_address>
         <run_address>0xe74</run_address>
         <size>0x68</size>
         <input_file_ref idref="fl-cc"/>
      </object_component>
      <object_component id="oc-177">
         <name>.debug_line</name>
         <load_address>0xedc</load_address>
         <run_address>0xedc</run_address>
         <size>0x2b</size>
         <input_file_ref idref="fl-cd"/>
      </object_component>
      <object_component id="oc-82">
         <name>.debug_line</name>
         <load_address>0xf07</load_address>
         <run_address>0xf07</run_address>
         <size>0x4a</size>
         <input_file_ref idref="fl-cd"/>
      </object_component>
      <object_component id="oc-17b">
         <name>.debug_line</name>
         <load_address>0xf51</load_address>
         <run_address>0xf51</run_address>
         <size>0x2b</size>
         <input_file_ref idref="fl-cd"/>
      </object_component>
      <object_component id="oc-fb">
         <name>.debug_line</name>
         <load_address>0xf7c</load_address>
         <run_address>0xf7c</run_address>
         <size>0xa9</size>
         <input_file_ref idref="fl-ce"/>
      </object_component>
      <object_component id="oc-80">
         <name>.debug_line</name>
         <load_address>0x1025</load_address>
         <run_address>0x1025</run_address>
         <size>0x8b</size>
         <input_file_ref idref="fl-ce"/>
      </object_component>
      <object_component id="oc-ff">
         <name>.debug_line</name>
         <load_address>0x10b0</load_address>
         <run_address>0x10b0</run_address>
         <size>0x2e</size>
         <input_file_ref idref="fl-ce"/>
      </object_component>
      <object_component id="oc-1a3">
         <name>.debug_line</name>
         <load_address>0x10de</load_address>
         <run_address>0x10de</run_address>
         <size>0x8a</size>
         <input_file_ref idref="fl-ce"/>
      </object_component>
      <object_component id="oc-104">
         <name>.debug_line</name>
         <load_address>0x1168</load_address>
         <run_address>0x1168</run_address>
         <size>0x8b</size>
         <input_file_ref idref="fl-ce"/>
      </object_component>
      <object_component id="oc-19a">
         <name>.debug_line</name>
         <load_address>0x11f3</load_address>
         <run_address>0x11f3</run_address>
         <size>0x98</size>
         <input_file_ref idref="fl-cf"/>
      </object_component>
      <object_component id="oc-cc">
         <name>.debug_line</name>
         <load_address>0x128b</load_address>
         <run_address>0x128b</run_address>
         <size>0x68</size>
         <input_file_ref idref="fl-cf"/>
      </object_component>
      <object_component id="oc-19e">
         <name>.debug_line</name>
         <load_address>0x12f3</load_address>
         <run_address>0x12f3</run_address>
         <size>0x2e</size>
         <input_file_ref idref="fl-cf"/>
      </object_component>
      <object_component id="oc-cf">
         <name>.debug_line</name>
         <load_address>0x1321</load_address>
         <run_address>0x1321</run_address>
         <size>0x3c</size>
         <input_file_ref idref="fl-d0"/>
      </object_component>
      <object_component id="oc-18c">
         <name>.debug_line</name>
         <load_address>0x135d</load_address>
         <run_address>0x135d</run_address>
         <size>0x140</size>
         <input_file_ref idref="fl-d1"/>
      </object_component>
      <object_component id="oc-205">
         <name>.debug_line</name>
         <load_address>0x149d</load_address>
         <run_address>0x149d</run_address>
         <size>0x7d</size>
         <input_file_ref idref="fl-d1"/>
      </object_component>
      <object_component id="oc-155">
         <name>.debug_line</name>
         <load_address>0x151a</load_address>
         <run_address>0x151a</run_address>
         <size>0x93</size>
         <input_file_ref idref="fl-d1"/>
      </object_component>
      <object_component id="oc-1e5">
         <name>.debug_line</name>
         <load_address>0x15ad</load_address>
         <run_address>0x15ad</run_address>
         <size>0x92</size>
         <input_file_ref idref="fl-d1"/>
      </object_component>
      <object_component id="oc-1d3">
         <name>.debug_line</name>
         <load_address>0x163f</load_address>
         <run_address>0x163f</run_address>
         <size>0x92</size>
         <input_file_ref idref="fl-d1"/>
      </object_component>
      <object_component id="oc-15e">
         <name>.debug_line</name>
         <load_address>0x16d1</load_address>
         <run_address>0x16d1</run_address>
         <size>0x93</size>
         <input_file_ref idref="fl-d1"/>
      </object_component>
      <object_component id="oc-1cd">
         <name>.debug_line</name>
         <load_address>0x1764</load_address>
         <run_address>0x1764</run_address>
         <size>0x92</size>
         <input_file_ref idref="fl-d1"/>
      </object_component>
      <object_component id="oc-12e">
         <name>.debug_line</name>
         <load_address>0x17f6</load_address>
         <run_address>0x17f6</run_address>
         <size>0x93</size>
         <input_file_ref idref="fl-d1"/>
      </object_component>
      <object_component id="oc-14c">
         <name>.debug_line</name>
         <load_address>0x1889</load_address>
         <run_address>0x1889</run_address>
         <size>0x95</size>
         <input_file_ref idref="fl-d1"/>
      </object_component>
      <object_component id="oc-128">
         <name>.debug_line</name>
         <load_address>0x191e</load_address>
         <run_address>0x191e</run_address>
         <size>0xac</size>
         <input_file_ref idref="fl-d1"/>
      </object_component>
      <object_component id="oc-99">
         <name>.debug_line</name>
         <load_address>0x19ca</load_address>
         <run_address>0x19ca</run_address>
         <size>0xa0</size>
         <input_file_ref idref="fl-d1"/>
      </object_component>
      <object_component id="oc-16a">
         <name>.debug_line</name>
         <load_address>0x1a6a</load_address>
         <run_address>0x1a6a</run_address>
         <size>0xa7</size>
         <input_file_ref idref="fl-d1"/>
      </object_component>
      <object_component id="oc-9f">
         <name>.debug_line</name>
         <load_address>0x1b11</load_address>
         <run_address>0x1b11</run_address>
         <size>0xa7</size>
         <input_file_ref idref="fl-d1"/>
      </object_component>
      <object_component id="oc-134">
         <name>.debug_line</name>
         <load_address>0x1bb8</load_address>
         <run_address>0x1bb8</run_address>
         <size>0xcb</size>
         <input_file_ref idref="fl-d1"/>
      </object_component>
      <object_component id="oc-152">
         <name>.debug_line</name>
         <load_address>0x1c83</load_address>
         <run_address>0x1c83</run_address>
         <size>0x92</size>
         <input_file_ref idref="fl-d1"/>
      </object_component>
      <object_component id="oc-13a">
         <name>.debug_line</name>
         <load_address>0x1d15</load_address>
         <run_address>0x1d15</run_address>
         <size>0x9f</size>
         <input_file_ref idref="fl-d1"/>
      </object_component>
      <object_component id="oc-146">
         <name>.debug_line</name>
         <load_address>0x1db4</load_address>
         <run_address>0x1db4</run_address>
         <size>0x93</size>
         <input_file_ref idref="fl-d1"/>
      </object_component>
      <object_component id="oc-195">
         <name>.debug_line</name>
         <load_address>0x1e47</load_address>
         <run_address>0x1e47</run_address>
         <size>0x7d</size>
         <input_file_ref idref="fl-d1"/>
      </object_component>
      <object_component id="oc-203">
         <name>.debug_line</name>
         <load_address>0x1ec4</load_address>
         <run_address>0x1ec4</run_address>
         <size>0x82</size>
         <input_file_ref idref="fl-d2"/>
      </object_component>
      <object_component id="oc-111">
         <name>.debug_line</name>
         <load_address>0x1f46</load_address>
         <run_address>0x1f46</run_address>
         <size>0x96</size>
         <input_file_ref idref="fl-d2"/>
      </object_component>
      <object_component id="oc-20b">
         <name>.debug_line</name>
         <load_address>0x1fdc</load_address>
         <run_address>0x1fdc</run_address>
         <size>0x7c</size>
         <input_file_ref idref="fl-d4"/>
      </object_component>
      <object_component id="oc-209">
         <name>.debug_line</name>
         <load_address>0x2058</load_address>
         <run_address>0x2058</run_address>
         <size>0x82</size>
         <input_file_ref idref="fl-d4"/>
      </object_component>
      <object_component id="oc-161">
         <name>.debug_line</name>
         <load_address>0x20da</load_address>
         <run_address>0x20da</run_address>
         <size>0xc2</size>
         <input_file_ref idref="fl-d4"/>
      </object_component>
      <object_component id="oc-1fc">
         <name>.debug_line</name>
         <load_address>0x219c</load_address>
         <run_address>0x219c</run_address>
         <size>0x13d</size>
         <input_file_ref idref="fl-d7"/>
      </object_component>
      <object_component id="oc-1f6">
         <name>.debug_line</name>
         <load_address>0x22d9</load_address>
         <run_address>0x22d9</run_address>
         <size>0x7f</size>
         <input_file_ref idref="fl-d7"/>
      </object_component>
      <object_component id="oc-1f8">
         <name>.debug_line</name>
         <load_address>0x2358</load_address>
         <run_address>0x2358</run_address>
         <size>0x7f</size>
         <input_file_ref idref="fl-d7"/>
      </object_component>
      <object_component id="oc-20e">
         <name>.debug_line</name>
         <load_address>0x23d7</load_address>
         <run_address>0x23d7</run_address>
         <size>0x7f</size>
         <input_file_ref idref="fl-d7"/>
      </object_component>
      <object_component id="oc-1fa">
         <name>.debug_line</name>
         <load_address>0x2456</load_address>
         <run_address>0x2456</run_address>
         <size>0x7f</size>
         <input_file_ref idref="fl-d7"/>
      </object_component>
      <object_component id="oc-11d">
         <name>.debug_line</name>
         <load_address>0x24d5</load_address>
         <run_address>0x24d5</run_address>
         <size>0xa7</size>
         <input_file_ref idref="fl-d7"/>
      </object_component>
      <object_component id="oc-123">
         <name>.debug_line</name>
         <load_address>0x257c</load_address>
         <run_address>0x257c</run_address>
         <size>0x94</size>
         <input_file_ref idref="fl-d7"/>
      </object_component>
      <object_component id="oc-117">
         <name>.debug_line</name>
         <load_address>0x2610</load_address>
         <run_address>0x2610</run_address>
         <size>0x94</size>
         <input_file_ref idref="fl-d7"/>
      </object_component>
      <object_component id="oc-1aa">
         <name>.debug_line</name>
         <load_address>0x26a4</load_address>
         <run_address>0x26a4</run_address>
         <size>0x9e</size>
         <input_file_ref idref="fl-d7"/>
      </object_component>
      <object_component id="oc-1b0">
         <name>.debug_line</name>
         <load_address>0x2742</load_address>
         <run_address>0x2742</run_address>
         <size>0xb0</size>
         <input_file_ref idref="fl-d7"/>
      </object_component>
      <object_component id="oc-10b">
         <name>.debug_line</name>
         <load_address>0x27f2</load_address>
         <run_address>0x27f2</run_address>
         <size>0x196</size>
         <input_file_ref idref="fl-d7"/>
      </object_component>
      <object_component id="oc-200">
         <name>.debug_line</name>
         <load_address>0x2988</load_address>
         <run_address>0x2988</run_address>
         <size>0x7f</size>
         <input_file_ref idref="fl-d7"/>
      </object_component>
      <object_component id="oc-2f">
         <name>.debug_frame</name>
         <load_address>0x0</load_address>
         <run_address>0x0</run_address>
         <size>0x51</size>
         <input_file_ref idref="fl-2"/>
      </object_component>
      <object_component id="oc-35">
         <name>.debug_frame</name>
         <load_address>0x51</load_address>
         <run_address>0x51</run_address>
         <size>0x51</size>
         <input_file_ref idref="fl-2"/>
      </object_component>
      <object_component id="oc-41">
         <name>.debug_frame</name>
         <load_address>0xa2</load_address>
         <run_address>0xa2</run_address>
         <size>0x51</size>
         <input_file_ref idref="fl-2"/>
      </object_component>
      <object_component id="oc-3b">
         <name>.debug_frame</name>
         <load_address>0xf3</load_address>
         <run_address>0xf3</run_address>
         <size>0x51</size>
         <input_file_ref idref="fl-2"/>
      </object_component>
      <object_component id="oc-141">
         <name>.debug_frame</name>
         <load_address>0x144</load_address>
         <run_address>0x144</run_address>
         <size>0x60</size>
         <input_file_ref idref="fl-3"/>
      </object_component>
      <object_component id="oc-171">
         <name>.debug_frame</name>
         <load_address>0x1a4</load_address>
         <run_address>0x1a4</run_address>
         <size>0x5c</size>
         <input_file_ref idref="fl-3"/>
      </object_component>
      <object_component id="oc-da">
         <name>.debug_frame</name>
         <load_address>0x200</load_address>
         <run_address>0x200</run_address>
         <size>0x60</size>
         <input_file_ref idref="fl-3"/>
      </object_component>
      <object_component id="oc-a6">
         <name>.debug_frame</name>
         <load_address>0x260</load_address>
         <run_address>0x260</run_address>
         <size>0x5c</size>
         <input_file_ref idref="fl-3"/>
      </object_component>
      <object_component id="oc-48">
         <name>.debug_frame</name>
         <load_address>0x2bc</load_address>
         <run_address>0x2bc</run_address>
         <size>0x5c</size>
         <input_file_ref idref="fl-3"/>
      </object_component>
      <object_component id="oc-14">
         <name>.debug_frame</name>
         <load_address>0x318</load_address>
         <run_address>0x318</run_address>
         <size>0x60</size>
         <input_file_ref idref="fl-c3"/>
      </object_component>
      <object_component id="oc-19">
         <name>.debug_frame</name>
         <load_address>0x378</load_address>
         <run_address>0x378</run_address>
         <size>0x51</size>
         <input_file_ref idref="fl-c4"/>
      </object_component>
      <object_component id="oc-23">
         <name>.debug_frame</name>
         <load_address>0x3c9</load_address>
         <run_address>0x3c9</run_address>
         <size>0x51</size>
         <input_file_ref idref="fl-c5"/>
      </object_component>
      <object_component id="oc-89">
         <name>.debug_frame</name>
         <load_address>0x41a</load_address>
         <run_address>0x41a</run_address>
         <size>0x85</size>
         <input_file_ref idref="fl-c6"/>
      </object_component>
      <object_component id="oc-70">
         <name>.debug_frame</name>
         <load_address>0x49f</load_address>
         <run_address>0x49f</run_address>
         <size>0x51</size>
         <input_file_ref idref="fl-c9"/>
      </object_component>
      <object_component id="oc-7a">
         <name>.debug_frame</name>
         <load_address>0x4f0</load_address>
         <run_address>0x4f0</run_address>
         <size>0x51</size>
         <input_file_ref idref="fl-ca"/>
      </object_component>
      <object_component id="oc-184">
         <name>.debug_frame</name>
         <load_address>0x541</load_address>
         <run_address>0x541</run_address>
         <size>0x73</size>
         <input_file_ref idref="fl-cc"/>
      </object_component>
      <object_component id="oc-83">
         <name>.debug_frame</name>
         <load_address>0x5b4</load_address>
         <run_address>0x5b4</run_address>
         <size>0x51</size>
         <input_file_ref idref="fl-cd"/>
      </object_component>
      <object_component id="oc-7c">
         <name>.debug_frame</name>
         <load_address>0x605</load_address>
         <run_address>0x605</run_address>
         <size>0x5c</size>
         <input_file_ref idref="fl-ce"/>
      </object_component>
      <object_component id="oc-cb">
         <name>.debug_frame</name>
         <load_address>0x661</load_address>
         <run_address>0x661</run_address>
         <size>0x60</size>
         <input_file_ref idref="fl-cf"/>
      </object_component>
      <object_component id="oc-ce">
         <name>.debug_frame</name>
         <load_address>0x6c1</load_address>
         <run_address>0x6c1</run_address>
         <size>0x51</size>
         <input_file_ref idref="fl-d0"/>
      </object_component>
      <object_component id="oc-159">
         <name>.debug_frame</name>
         <load_address>0x712</load_address>
         <run_address>0x712</run_address>
         <size>0x7f</size>
         <input_file_ref idref="fl-d1"/>
      </object_component>
      <object_component id="oc-1e9">
         <name>.debug_frame</name>
         <load_address>0x791</load_address>
         <run_address>0x791</run_address>
         <size>0x7f</size>
         <input_file_ref idref="fl-d1"/>
      </object_component>
      <object_component id="oc-1d4">
         <name>.debug_frame</name>
         <load_address>0x810</load_address>
         <run_address>0x810</run_address>
         <size>0x7f</size>
         <input_file_ref idref="fl-d1"/>
      </object_component>
      <object_component id="oc-15f">
         <name>.debug_frame</name>
         <load_address>0x88f</load_address>
         <run_address>0x88f</run_address>
         <size>0x7f</size>
         <input_file_ref idref="fl-d1"/>
      </object_component>
      <object_component id="oc-1ce">
         <name>.debug_frame</name>
         <load_address>0x90e</load_address>
         <run_address>0x90e</run_address>
         <size>0x7f</size>
         <input_file_ref idref="fl-d1"/>
      </object_component>
      <object_component id="oc-12f">
         <name>.debug_frame</name>
         <load_address>0x98d</load_address>
         <run_address>0x98d</run_address>
         <size>0x7f</size>
         <input_file_ref idref="fl-d1"/>
      </object_component>
      <object_component id="oc-14d">
         <name>.debug_frame</name>
         <load_address>0xa0c</load_address>
         <run_address>0xa0c</run_address>
         <size>0x7f</size>
         <input_file_ref idref="fl-d1"/>
      </object_component>
      <object_component id="oc-129">
         <name>.debug_frame</name>
         <load_address>0xa8b</load_address>
         <run_address>0xa8b</run_address>
         <size>0x8a</size>
         <input_file_ref idref="fl-d1"/>
      </object_component>
      <object_component id="oc-9a">
         <name>.debug_frame</name>
         <load_address>0xb15</load_address>
         <run_address>0xb15</run_address>
         <size>0x7f</size>
         <input_file_ref idref="fl-d1"/>
      </object_component>
      <object_component id="oc-16b">
         <name>.debug_frame</name>
         <load_address>0xb94</load_address>
         <run_address>0xb94</run_address>
         <size>0x7f</size>
         <input_file_ref idref="fl-d1"/>
      </object_component>
      <object_component id="oc-a0">
         <name>.debug_frame</name>
         <load_address>0xc13</load_address>
         <run_address>0xc13</run_address>
         <size>0x7f</size>
         <input_file_ref idref="fl-d1"/>
      </object_component>
      <object_component id="oc-135">
         <name>.debug_frame</name>
         <load_address>0xc92</load_address>
         <run_address>0xc92</run_address>
         <size>0x8a</size>
         <input_file_ref idref="fl-d1"/>
      </object_component>
      <object_component id="oc-153">
         <name>.debug_frame</name>
         <load_address>0xd1c</load_address>
         <run_address>0xd1c</run_address>
         <size>0x7f</size>
         <input_file_ref idref="fl-d1"/>
      </object_component>
      <object_component id="oc-13b">
         <name>.debug_frame</name>
         <load_address>0xd9b</load_address>
         <run_address>0xd9b</run_address>
         <size>0x8a</size>
         <input_file_ref idref="fl-d1"/>
      </object_component>
      <object_component id="oc-147">
         <name>.debug_frame</name>
         <load_address>0xe25</load_address>
         <run_address>0xe25</run_address>
         <size>0x86</size>
         <input_file_ref idref="fl-d1"/>
      </object_component>
      <object_component id="oc-110">
         <name>.debug_frame</name>
         <load_address>0xeab</load_address>
         <run_address>0xeab</run_address>
         <size>0x7f</size>
         <input_file_ref idref="fl-d2"/>
      </object_component>
      <object_component id="oc-165">
         <name>.debug_frame</name>
         <load_address>0xf2a</load_address>
         <run_address>0xf2a</run_address>
         <size>0x7f</size>
         <input_file_ref idref="fl-d4"/>
      </object_component>
      <object_component id="oc-119">
         <name>.debug_frame</name>
         <load_address>0xfa9</load_address>
         <run_address>0xfa9</run_address>
         <size>0x85</size>
         <input_file_ref idref="fl-d7"/>
      </object_component>
      <object_component id="oc-11f">
         <name>.debug_frame</name>
         <load_address>0x102e</load_address>
         <run_address>0x102e</run_address>
         <size>0x7f</size>
         <input_file_ref idref="fl-d7"/>
      </object_component>
      <object_component id="oc-113">
         <name>.debug_frame</name>
         <load_address>0x10ad</load_address>
         <run_address>0x10ad</run_address>
         <size>0x7f</size>
         <input_file_ref idref="fl-d7"/>
      </object_component>
      <object_component id="oc-1a6">
         <name>.debug_frame</name>
         <load_address>0x112c</load_address>
         <run_address>0x112c</run_address>
         <size>0x7f</size>
         <input_file_ref idref="fl-d7"/>
      </object_component>
      <object_component id="oc-1ac">
         <name>.debug_frame</name>
         <load_address>0x11ab</load_address>
[...]
            <object_component_ref idref="oc-5a"/>
            <object_component_ref idref="oc-66"/>
            <object_component_ref idref="oc-73"/>
            <object_component_ref idref="oc-79"/>
            <object_component_ref idref="oc-8f"/>
            <object_component_ref idref="oc-e2"/>
            <object_component_ref idref="oc-182"/>
            <object_component_ref idref="oc-85"/>
            <object_component_ref idref="oc-7f"/>
            <object_component_ref idref="oc-ca"/>
            <object_component_ref idref="oc-d2"/>
            <object_component_ref idref="oc-1c6"/>
            <object_component_ref idref="oc-158"/>
            <object_component_ref idref="oc-1e8"/>
            <object_component_ref idref="oc-1d2"/>
            <object_component_ref idref="oc-15d"/>
            <object_component_ref idref="oc-1cc"/>
            <object_component_ref idref="oc-12d"/>
            <object_component_ref idref="oc-14b"/>
            <object_component_ref idref="oc-127"/>
            <object_component_ref idref="oc-97"/>
            <object_component_ref idref="oc-168"/>
            <object_component_ref idref="oc-9d"/>
            <object_component_ref idref="oc-132"/>
            <object_component_ref idref="oc-150"/>
            <object_component_ref idref="oc-138"/>
            <object_component_ref idref="oc-144"/>
            <object_component_ref idref="oc-10f"/>
            <object_component_ref idref="oc-1e0"/>
            <object_component_ref idref="oc-164"/>
            <object_component_ref idref="oc-1b3"/>
            <object_component_ref idref="oc-1b6"/>
            <object_component_ref idref="oc-1f2"/>
            <object_component_ref idref="oc-1b9"/>
            <object_component_ref idref="oc-11c"/>
            <object_component_ref idref="oc-122"/>
            <object_component_ref idref="oc-116"/>
            <object_component_ref idref="oc-1a9"/>
            <object_component_ref idref="oc-1af"/>
            <object_component_ref idref="oc-10a"/>
         </contents>
      </logical_group>
      <logical_group id="lg-22c" display="never" color="cyan">
         <name>.debug_pubtypes</name>
         <load_address>0x0</load_address>
         <run_address>0x0</run_address>
         <size>0x6fe</size>
         <contents>
            <object_component_ref idref="oc-53"/>
            <object_component_ref idref="oc-a9"/>
            <object_component_ref idref="oc-18e"/>
            <object_component_ref idref="oc-ea"/>
            <object_component_ref idref="oc-4e"/>
            <object_component_ref idref="oc-b0"/>
            <object_component_ref idref="oc-5e"/>
            <object_component_ref idref="oc-b7"/>
            <object_component_ref idref="oc-6a"/>
            <object_component_ref idref="oc-bf"/>
            <object_component_ref idref="oc-e5"/>
            <object_component_ref idref="oc-188"/>
            <object_component_ref idref="oc-179"/>
            <object_component_ref idref="oc-fd"/>
            <object_component_ref idref="oc-1a1"/>
            <object_component_ref idref="oc-102"/>
            <object_component_ref idref="oc-19c"/>
            <object_component_ref idref="oc-193"/>
            <object_component_ref idref="oc-1fe"/>
         </contents>
      </logical_group>
      <load_segment id="lg-237" display="no" color="cyan">
         <name>SEGMENT_0</name>
         <load_address>0x0</load_address>
         <run_address>0x0</run_address>
         <size>0x1120</size>
         <flags>0x5</flags>
         <contents>
            <logical_group_ref idref="lg-3"/>
            <logical_group_ref idref="lg-4"/>
            <logical_group_ref idref="lg-5"/>
            <logical_group_ref idref="lg-6"/>
         </contents>
      </load_segment>
      <load_segment id="lg-238" display="no" color="cyan">
         <name>SEGMENT_1</name>
         <run_address>0x20000000</run_address>
         <size>0x14e0</size>
         <flags>0x6</flags>
         <contents>
            <logical_group_ref idref="lg-b"/>
            <logical_group_ref idref="lg-d"/>
            <logical_group_ref idref="lg-a"/>
         </contents>
      </load_segment>
   </logical_group_list>
   <placement_map>
      <memory_area display="yes" color="green">
         <name>FLASH</name>
         <page_id>0x0</page_id>
         <origin>0x0</origin>
         <length>0x100000</length>
         <used_space>0x1120</used_space>
         <unused_space>0xfeee0</unused_space>
         <attributes>RX</attributes>
         <usage_details>
            <allocated_space>
               <start_address>0x0</start_address>
               <size>0x200</size>
               <logical_group_ref idref="lg-3"/>
            </allocated_space>
            <allocated_space>
               <start_address>0x200</start_address>
               <size>0xbd8</size>
               <logical_group_ref idref="lg-4"/>
            </allocated_space>
            <allocated_space>
               <start_address>0xdd8</start_address>
               <size>0x310</size>
               <logical_group_ref idref="lg-5"/>
            </allocated_space>
            <allocated_space>
               <start_address>0x10e8</start_address>
               <size>0x38</size>
               <logical_group_ref idref="lg-6"/>
            </allocated_space>
            <available_space>
               <start_address>0x1120</start_address>
               <size>0xfeee0</size>
            </available_space>
         </usage_details>
      </memory_area>
      <memory_area display="yes" color="green">
         <name>SRAM</name>
         <page_id>0x0</page_id>
         <origin>0x20000000</origin>
         <length>0x40000</length>
         <used_space>0x14e0</used_space>
         <unused_space>0x3eb20</unused_space>
         <attributes>RWX</attributes>
         <usage_details>
            <allocated_space>
               <start_address>0x20000000</start_address>
               <size>0x12c8</size>
               <logical_group_ref idref="lg-b"/>
            </allocated_space>
            <allocated_space>
               <start_address>0x200012c8</start_address>
               <size>0x200</size>
               <logical_group_ref idref="lg-d"/>
            </allocated_space>
            <allocated_space>
               <start_address>0x200014c8</start_address>
               <size>0x18</size>
               <logical_group_ref idref="lg-a"/>
            </allocated_space>
            <available_space>
               <start_address>0x200014e0</start_address>
               <size>0x3eb20</size>
            </available_space>
         </usage_details>
      </memory_area>
   </placement_map>
   <cptbl_list>
      <cptbl>
         <name>__TI_cinit_table</name>
         <cprec>
            <name>.data</name>
            <load_address>0x10e8</load_address>
            <load_size>0x11</load_size>
            <run_address>0x200014c8</run_address>
            <run_size>0x18</run_size>
            <compression>lzss</compression>
         </cprec>
         <cprec>
            <name>.bss</name>
            <load_address>0x1108</load_address>
            <load_size>0x8</load_size>
            <run_address>0x20000000</run_address>
            <run_size>0x12c8</run_size>
            <compression>zero_init</compression>
         </cprec>
      </cptbl>
   </cptbl_list>
   <handler_table>
      <handler_table_name>__TI_handler_table</handler_table_name>
      <handler>
         <index>0x0</index>
         <name>__TI_decompress_lzss</name>
      </handler>
      <handler>
         <index>0x1</index>
         <name>__TI_decompress_none</name>
      </handler>
      <handler>
         <index>0x2</index>
         <name>__TI_zero_init</name>
      </handler>
   </handler_table>
   <symbol_table>
      <symbol id="sm-1">
         <name>__STACK_TOP</name>
         <value>0x200014c8</value>
      </symbol>
      <symbol id="sm-2">
         <name>__TI_CINIT_Base</name>
         <value>0x1110</value>
      </symbol>
      <symbol id="sm-3">
         <name>__TI_CINIT_Limit</name>
         <value>0x1120</value>
      </symbol>
      <symbol id="sm-4">
         <name>__TI_Handler_Table_Base</name>
         <value>0x10fc</value>
      </symbol>
      <symbol id="sm-5">
         <name>__TI_Handler_Table_Limit</name>
         <value>0x1108</value>
      </symbol>
      <symbol id="sm-6">
         <name>binit</name>
         <value>0xffffffff</value>
      </symbol>
      <symbol id="sm-7">
         <name>__binit__</name>
         <value>0xffffffff</value>
      </symbol>
      <symbol id="sm-8">
         <name>__STACK_SIZE</name>
         <value>0x200</value>
      </symbol>
      <symbol id="sm-9">
         <name>__STACK_END</name>
         <value>0x200014c8</value>
      </symbol>
      <symbol id="sm-a">
         <name>__c_args__</name>
         <value>0xffffffff</value>
      </symbol>
      <symbol id="sm-b">
         <name>__TI_pprof_out_hndl</name>
         <value>0xffffffff</value>
      </symbol>
      <symbol id="sm-c">
         <name>__TI_prof_data_start</name>
         <value>0xffffffff</value>
      </symbol>
      <symbol id="sm-d">
         <name>__TI_prof_data_size</name>
         <value>0xffffffff</value>
      </symbol>
      <symbol id="sm-5d">
         <name>ResetISR</name>
         <value>0xdc7</value>
         <object_component_ref idref="oc-2b"/>
      </symbol>
      <symbol id="sm-5e">
         <name>g_pfnVectors</name>
         <value>0x0</value>
         <object_component_ref idref="oc-f"/>
      </symbol>
      <symbol id="sm-c5">
         <name>g_psRxDescriptor</name>
         <value>0x20001200</value>
      </symbol>
      <symbol id="sm-c6">
         <name>g_psTxDescriptor</name>
         <value>0x20001260</value>
      </symbol>
      <symbol id="sm-c7">
         <name>g_ui32RxDescIndex</name>
         <value>0x200012c0</value>
      </symbol>
      <symbol id="sm-c8">
         <name>g_ui32TxDescIndex</name>
         <value>0x200012c4</value>
      </symbol>
      <symbol id="sm-c9">
         <name>g_ppui8RxBuffer</name>
         <value>0x20000000</value>
      </symbol>
      <symbol id="sm-ca">
         <name>main</name>
         <value>0x401</value>
         <object_component_ref idref="oc-d5"/>
      </symbol>
      <symbol id="sm-cb">
         <name>InitDescriptors</name>
         <value>0x5fd</value>
         <object_component_ref idref="oc-13c"/>
      </symbol>
      <symbol id="sm-cc">
         <name>EthernetIntHandler</name>
         <value>0xcc1</value>
         <object_component_ref idref="oc-43"/>
      </symbol>
      <symbol id="sm-cd">
         <name>ProcessReceivedPacket</name>
         <value>0xaa5</value>
         <object_component_ref idref="oc-a1"/>
      </symbol>
      <symbol id="sm-e1">
         <name>_c_int00</name>
         <value>0x919</value>
         <object_component_ref idref="oc-24"/>
      </symbol>
      <symbol id="sm-e2">
         <name>__stack</name>
         <value>0x200012c8</value>
         <object_component_ref idref="oc-2a"/>
      </symbol>
      <symbol id="sm-100">
         <name>__TI_decompress_lzss</name>
         <value>0x859</value>
         <object_component_ref idref="oc-12"/>
      </symbol>
      <symbol id="sm-117">
         <name>__TI_decompress_none</name>
         <value>0xd99</value>
         <object_component_ref idref="oc-18"/>
      </symbol>
      <symbol id="sm-12e">
         <name>__TI_zero_init</name>
         <value>0xda7</value>
         <object_component_ref idref="oc-1e"/>
      </symbol>
      <symbol id="sm-14f">
         <name>C$$EXIT</name>
         <value>0x96d</value>
         <object_component_ref idref="oc-87"/>
      </symbol>
      <symbol id="sm-150">
         <name>abort</name>
         <value>0x971</value>
         <object_component_ref idref="oc-87"/>
      </symbol>
      <symbol id="sm-151">
         <name>exit</name>
         <value>0x979</value>
         <object_component_ref idref="oc-87"/>
      </symbol>
      <symbol id="sm-152">
         <name>__TI_dtors_ptr</name>
         <value>0x200014cc</value>
         <object_component_ref idref="oc-dd"/>
      </symbol>
      <symbol id="sm-153">
         <name>__TI_cleanup_ptr</name>
         <value>0x200014c8</value>
         <object_component_ref idref="oc-dd"/>
      </symbol>
      <symbol id="sm-154">
         <name>__TI_enable_exit_profile_output</name>
         <value>0x200014d0</value>
         <object_component_ref idref="oc-dd"/>
      </symbol>
      <symbol id="sm-16f">
         <name>memcpy</name>
         <value>0x561</value>
         <object_component_ref idref="oc-57"/>
      </symbol>
      <symbol id="sm-170">
         <name>__aeabi_memcpy</name>
         <value>0x561</value>
         <object_component_ref idref="oc-57"/>
      </symbol>
      <symbol id="sm-171">
         <name>__aeabi_memcpy8</name>
         <value>0x561</value>
         <object_component_ref idref="oc-57"/>
      </symbol>
      <symbol id="sm-172">
         <name>__aeabi_memcpy4</name>
         <value>0x561</value>
         <object_component_ref idref="oc-57"/>
      </symbol>
      <symbol id="sm-181">
         <name>__aeabi_memset</name>
         <value>0x68f</value>
         <object_component_ref idref="oc-63"/>
      </symbol>
      <symbol id="sm-182">
         <name>memset</name>
         <value>0x695</value>
         <object_component_ref idref="oc-63"/>
      </symbol>
      <symbol id="sm-183">
         <name>__aeabi_memset8</name>
         <value>0x68f</value>
         <object_component_ref idref="oc-63"/>
      </symbol>
      <symbol id="sm-184">
         <name>__aeabi_memset4</name>
         <value>0x68f</value>
         <object_component_ref idref="oc-63"/>
      </symbol>
      <symbol id="sm-185">
         <name>__aeabi_memclr8</name>
         <value>0x68d</value>
         <object_component_ref idref="oc-63"/>
      </symbol>
      <symbol id="sm-186">
         <name>__aeabi_memclr4</name>
         <value>0x68d</value>
         <object_component_ref idref="oc-63"/>
      </symbol>
      <symbol id="sm-187">
         <name>__aeabi_memclr</name>
         <value>0x68d</value>
         <object_component_ref idref="oc-63"/>
      </symbol>
      <symbol id="sm-191">
         <name>__mpu_init</name>
         <value>0xd5f</value>
         <object_component_ref idref="oc-6f"/>
      </symbol>
      <symbol id="sm-19b">
         <name>_system_pre_init</name>
         <value>0xdd3</value>
         <object_component_ref idref="oc-75"/>
      </symbol>
      <symbol id="sm-1a3">
         <name>main_func_sp</name>
         <value>0x200014dc</value>
         <object_component_ref idref="oc-8d"/>
      </symbol>
      <symbol id="sm-1bc">
         <name>_nop</name>
         <value>0xd83</value>
         <object_component_ref idref="oc-17f"/>
      </symbol>
      <symbol id="sm-1bd">
         <name>_lock</name>
         <value>0x200014d4</value>
         <object_component_ref idref="oc-e0"/>
      </symbol>
      <symbol id="sm-1be">
         <name>_unlock</name>
         <value>0x200014d8</value>
         <object_component_ref idref="oc-e0"/>
      </symbol>
      <symbol id="sm-1bf">
         <name>_register_lock</name>
         <value>0xd7b</value>
         <object_component_ref idref="oc-17f"/>
      </symbol>
      <symbol id="sm-1c0">
         <name>_register_unlock</name>
         <value>0xd75</value>
         <object_component_ref idref="oc-17f"/>
      </symbol>
      <symbol id="sm-1d4">
         <name>_args_main</name>
         <value>0xd05</value>
         <object_component_ref idref="oc-81"/>
      </symbol>
      <symbol id="sm-1fe">
         <name>__TI_auto_init</name>
         <value>0x781</value>
         <object_component_ref idref="oc-7b"/>
      </symbol>
      <symbol id="sm-218">
         <name>copy_in</name>
         <value>0xa11</value>
         <object_component_ref idref="oc-c7"/>
      </symbol>
      <symbol id="sm-222">
         <name>_system_post_cinit</name>
         <value>0xdd7</value>
         <object_component_ref idref="oc-cd"/>
      </symbol>
      <symbol id="sm-2c5">
         <name>EMACConfigSet</name>
         <value>0xb65</value>
         <object_component_ref idref="oc-136"/>
      </symbol>
      <symbol id="sm-2c6">
         <name>EMACAddrSet</name>
         <value>0xc3d</value>
         <object_component_ref idref="oc-142"/>
      </symbol>
      <symbol id="sm-2c7">
         <name>EMACTxEnable</name>
         <value>0xd49</value>
         <object_component_ref idref="oc-154"/>
      </symbol>
      <symbol id="sm-2c8">
         <name>EMACRxDMADescriptorListSet</name>
         <value>0xdbb</value>
         <object_component_ref idref="oc-1c9"/>
      </symbol>
      <symbol id="sm-2c9">
         <name>EMACPHYConfigSet</name>
         <value>0x8c1</value>
         <object_component_ref idref="oc-124"/>
      </symbol>
      <symbol id="sm-2ca">
         <name>EMACPHYRead</name>
         <value>0xc99</value>
         <object_component_ref idref="oc-148"/>
      </symbol>
      <symbol id="sm-2cb">
         <name>EMACRxEnable</name>
         <value>0xd33</value>
         <object_component_ref idref="oc-15a"/>
      </symbol>
      <symbol id="sm-2cc">
         <name>EMACIntClear</name>
         <value>0xbd5</value>
         <object_component_ref idref="oc-9b"/>
      </symbol>
      <symbol id="sm-2cd">
         <name>EMACInit</name>
         <value>0x709</value>
         <object_component_ref idref="oc-130"/>
      </symbol>
      <symbol id="sm-2ce">
         <name>EMACIntEnable</name>
         <value>0xb29</value>
         <object_component_ref idref="oc-166"/>
      </symbol>
      <symbol id="sm-2cf">
         <name>EMACReset</name>
         <value>0xd1d</value>
         <object_component_ref idref="oc-12a"/>
      </symbol>
      <symbol id="sm-2d0">
         <name>EMACFrameFilterSet</name>
         <value>0xd89</value>
         <object_component_ref idref="oc-14e"/>
      </symbol>
      <symbol id="sm-2d1">
         <name>EMACTxDMAPollDemand</name>
         <value>0xdb3</value>
         <object_component_ref idref="oc-1e4"/>
      </symbol>
      <symbol id="sm-2d2">
         <name>EMACTxDMADescriptorListSet</name>
         <value>0xdc1</value>
         <object_component_ref idref="oc-1cf"/>
      </symbol>
      <symbol id="sm-2d3">
         <name>EMACIntStatus</name>
         <value>0xc6d</value>
         <object_component_ref idref="oc-95"/>
      </symbol>
      <symbol id="sm-2e2">
         <name>FlashUserGet</name>
         <value>0xd61</value>
         <object_component_ref idref="oc-10c"/>
      </symbol>
      <symbol id="sm-30a">
         <name>IntEnable</name>
         <value>0x7f1</value>
         <object_component_ref idref="oc-160"/>
      </symbol>
      <symbol id="sm-394">
         <name>SysCtlDelay</name>
         <value>0xdcd</value>
         <object_component_ref idref="oc-1c1"/>
      </symbol>
      <symbol id="sm-395">
         <name>SysCtlPeripheralEnable</name>
         <value>0xc09</value>
         <object_component_ref idref="oc-112"/>
      </symbol>
      <symbol id="sm-396">
         <name>SysCtlPeripheralReady</name>
         <value>0xb9d</value>
         <object_component_ref idref="oc-11e"/>
      </symbol>
      <symbol id="sm-397">
         <name>SysCtlClockFreqSet</name>
         <value>0x201</value>
         <object_component_ref idref="oc-106"/>
      </symbol>
      <symbol id="sm-398">
         <name>SysCtlPeripheralReset</name>
         <value>0x9c1</value>
         <object_component_ref idref="oc-118"/>
      </symbol>
      <symbol id="sm-39f">
         <name>__TI_static_base__</name>
         <value>0x0</value>
      </symbol>
      <symbol id="sm-3a2">
         <name>SHT$$INIT_ARRAY$$Limit</name>
         <value>0x0</value>
      </symbol>
      <symbol id="sm-3a3">
         <name>SHT$$INIT_ARRAY$$Base</name>
         <value>0x0</value>
      </symbol>
   </symbol_table>
   <title>Link successful</title>
</link_info>
